Component: ARM Compiler 5.05 update 1 (build 106) Tool: armlink [4d0efa]

==============================================================================

Section Cross References

    main.o(i.collect_12ch_temperature) refers to ads124s08.o(i.ads124s08_read_data) for ads124s08_read_data
    main.o(i.collect_12ch_temperature) refers to thermocouple.o(i.k_tc_compensated_temp_c) for k_tc_compensated_temp_c
    main.o(i.collect_12ch_temperature) refers to d2f.o(x$fpl$d2f) for __aeabi_d2f
    main.o(i.main) refers to systick.o(i.systick_config) for systick_config
    main.o(i.main) refers to usart_comm.o(i.usart0_init) for usart0_init
    main.o(i.main) refers to ads124s08.o(i.ads124s08_init_all) for ads124s08_init_all
    main.o(i.main) refers to speed_sensor.o(i.speed_sensor_init) for speed_sensor_init
    main.o(i.main) refers to pcb_sensor.o(i.pcb_sensor_init) for pcb_sensor_init
    main.o(i.main) refers to speed_sensor.o(i.speed_set_mm_per_pulse) for speed_set_mm_per_pulse
    main.o(i.main) refers to main.o(i.send_string) for send_string
    main.o(i.main) refers to main.o(i.collect_12ch_temperature) for collect_12ch_temperature
    main.o(i.main) refers to main.o(i.update_pcb_position) for update_pcb_position
    main.o(i.main) refers to main.o(i.send_protocol_packet) for send_protocol_packet
    main.o(i.main) refers to systick.o(i.delay_1ms) for delay_1ms
    main.o(i.main) refers to main.o(.bss) for g_temps
    main.o(i.main) refers to main.o(.data) for g_speed_mm_s
    main.o(i.make_barcode) refers to _printf_pad.o(.text) for _printf_pre_padding
    main.o(i.make_barcode) refers to _printf_percent.o(.ARM.Collect$$_printf_percent$$00000000) for _printf_percent
    main.o(i.make_barcode) refers to _printf_u.o(.ARM.Collect$$_printf_percent$$0000000A) for _printf_u
    main.o(i.make_barcode) refers to _printf_dec.o(.text) for _printf_int_dec
    main.o(i.make_barcode) refers to __2sprintf.o(.text) for __2sprintf
    main.o(i.send_protocol_packet) refers to _printf_percent.o(.ARM.Collect$$_printf_percent$$00000000) for _printf_percent
    main.o(i.send_protocol_packet) refers to _printf_u.o(.ARM.Collect$$_printf_percent$$0000000A) for _printf_u
    main.o(i.send_protocol_packet) refers to _printf_dec.o(.text) for _printf_int_dec
    main.o(i.send_protocol_packet) refers to _printf_f.o(.ARM.Collect$$_printf_percent$$00000003) for _printf_f
    main.o(i.send_protocol_packet) refers to printf1.o(x$fpl$printf1) for _printf_fp_dec
    main.o(i.send_protocol_packet) refers to _printf_s.o(.ARM.Collect$$_printf_percent$$00000014) for _printf_s
    main.o(i.send_protocol_packet) refers to _printf_str.o(.text) for _printf_str
    main.o(i.send_protocol_packet) refers to __2sprintf.o(.text) for __2sprintf
    main.o(i.send_protocol_packet) refers to f2d.o(x$fpl$f2d) for __aeabi_f2d
    main.o(i.send_protocol_packet) refers to main.o(i.make_barcode) for make_barcode
    main.o(i.send_protocol_packet) refers to main.o(i.send_string) for send_string
    main.o(i.send_protocol_packet) refers to main.o(.data) for g_seq
    main.o(i.send_protocol_packet) refers to main.o(.bss) for g_temps
    main.o(i.send_string) refers to usart_comm.o(i.usart0_send_string) for usart0_send_string
    main.o(i.update_pcb_position) refers to pcb_sensor.o(i.pcb_enter_event) for pcb_enter_event
    main.o(i.update_pcb_position) refers to fmul.o(x$fpl$fmul) for __aeabi_fmul
    main.o(i.update_pcb_position) refers to faddsub_clz.o(x$fpl$fsub) for __aeabi_fsub
    main.o(i.update_pcb_position) refers to fleqf.o(x$fpl$fleqf) for __aeabi_cfcmple
    main.o(i.update_pcb_position) refers to main.o(.bss) for g_pcb_nodes
    main.o(i.update_pcb_position) refers to main.o(.data) for g_next_board_id
    usart_comm.o(i.usart0_init) refers to gd32f10x_rcu.o(i.rcu_periph_clock_enable) for rcu_periph_clock_enable
    usart_comm.o(i.usart0_init) refers to gd32f10x_gpio.o(i.gpio_init) for gpio_init
    usart_comm.o(i.usart0_init) refers to gd32f10x_usart.o(i.usart_deinit) for usart_deinit
    usart_comm.o(i.usart0_init) refers to gd32f10x_usart.o(i.usart_baudrate_set) for usart_baudrate_set
    usart_comm.o(i.usart0_init) refers to gd32f10x_usart.o(i.usart_parity_config) for usart_parity_config
    usart_comm.o(i.usart0_init) refers to gd32f10x_usart.o(i.usart_word_length_set) for usart_word_length_set
    usart_comm.o(i.usart0_init) refers to gd32f10x_usart.o(i.usart_stop_bit_set) for usart_stop_bit_set
    usart_comm.o(i.usart0_init) refers to gd32f10x_usart.o(i.usart_transmit_config) for usart_transmit_config
    usart_comm.o(i.usart0_init) refers to gd32f10x_usart.o(i.usart_receive_config) for usart_receive_config
    usart_comm.o(i.usart0_init) refers to gd32f10x_usart.o(i.usart_enable) for usart_enable
    usart_comm.o(i.usart0_send_byte) refers to gd32f10x_usart.o(i.usart_data_transmit) for usart_data_transmit
    usart_comm.o(i.usart0_send_byte) refers to gd32f10x_usart.o(i.usart_flag_get) for usart_flag_get
[...]
    ../clib/armsys.c                         0x00000000   Number         0  argv_veneer.o ABSOLUTE
    ../clib/armsys.c                         0x00000000   Number         0  no_argv.o ABSOLUTE
    ../clib/armsys.c                         0x00000000   Number         0  _get_argv_nomalloc.o ABSOLUTE
    ../clib/bigflt.c                         0x00000000   Number         0  bigflt0.o ABSOLUTE
    ../clib/btod.s                           0x00000000   Number         0  btod.o ABSOLUTE
    ../clib/heapalloc.c                      0x00000000   Number         0  hrguard.o ABSOLUTE
    ../clib/heapaux.c                        0x00000000   Number         0  heapauxi.o ABSOLUTE
    ../clib/libinit.s                        0x00000000   Number         0  libshutdown.o ABSOLUTE
    ../clib/libinit.s                        0x00000000   Number         0  libinit.o ABSOLUTE
    ../clib/libinit.s                        0x00000000   Number         0  libshutdown2.o ABSOLUTE
    ../clib/libinit.s                        0x00000000   Number         0  libinit2.o ABSOLUTE
    ../clib/locale.s                         0x00000000   Number         0  lc_numeric_c.o ABSOLUTE
    ../clib/longlong.s                       0x00000000   Number         0  lludiv10.o ABSOLUTE
    ../clib/memcpset.s                       0x00000000   Number         0  strcmpv7m.o ABSOLUTE
    ../clib/misc.s                           0x00000000   Number         0  printf_stubs.o ABSOLUTE
    ../clib/printf.c                         0x00000000   Number         0  _printf_fp_dec.o ABSOLUTE
    ../clib/printf.c                         0x00000000   Number         0  _printf_fp_infnan.o ABSOLUTE
    ../clib/printf.c                         0x00000000   Number         0  _printf_str.o ABSOLUTE
    ../clib/printf.c                         0x00000000   Number         0  __printf_ss.o ABSOLUTE
    ../clib/printf.c                         0x00000000   Number         0  __printf_flags_ss.o ABSOLUTE
    ../clib/printf.c                         0x00000000   Number         0  __printf_wp.o ABSOLUTE
    ../clib/printf.c                         0x00000000   Number         0  __printf_flags_wp.o ABSOLUTE
    ../clib/printf.c                         0x00000000   Number         0  _printf_intcommon.o ABSOLUTE
    ../clib/printf.c                         0x00000000   Number         0  __printf_flags_ss_wp.o ABSOLUTE
    ../clib/printf.c                         0x00000000   Number         0  _printf_dec.o ABSOLUTE
    ../clib/printf.c                         0x00000000   Number         0  _printf_char.o ABSOLUTE
    ../clib/printf.c                         0x00000000   Number         0  __2sprintf.o ABSOLUTE
    ../clib/printf.c                         0x00000000   Number         0  __printf_flags.o ABSOLUTE
    ../clib/printf.c                         0x00000000   Number         0  noretval__2sprintf.o ABSOLUTE
    ../clib/printf.c                         0x00000000   Number         0  _sputc.o ABSOLUTE
    ../clib/printf.c                         0x00000000   Number         0  __printf_ss_wp.o ABSOLUTE
    ../clib/printf.c                         0x00000000   Number         0  __printf.o ABSOLUTE
    ../clib/printf.c                         0x00000000   Number         0  _printf_pad.o ABSOLUTE
    ../clib/printf.c                         0x00000000   Number         0  __printf_nopercent.o ABSOLUTE
    ../clib/printf.c                         0x00000000   Number         0  _printf_char_common.o ABSOLUTE
    ../clib/printf_percent.s                 0x00000000   Number         0  _printf_f.o ABSOLUTE
    ../clib/printf_percent.s                 0x00000000   Number         0  _printf_u.o ABSOLUTE
    ../clib/printf_percent.s                 0x00000000   Number         0  _printf_s.o ABSOLUTE
    ../clib/printf_percent.s                 0x00000000   Number         0  _printf_percent.o ABSOLUTE
    ../clib/printf_percent.s                 0x00000000   Number         0  _printf_percent_end.o ABSOLUTE
    ../clib/signal.c                         0x00000000   Number         0  defsig_rtmem_inner.o ABSOLUTE
    ../clib/signal.c                         0x00000000   Number         0  defsig_fpe_inner.o ABSOLUTE
    ../clib/signal.c                         0x00000000   Number         0  defsig_rtred_inner.o ABSOLUTE
    ../clib/signal.c                         0x00000000   Number         0  __raise.o ABSOLUTE
    ../clib/signal.c                         0x00000000   Number         0  defsig_stak_inner.o ABSOLUTE
    ../clib/signal.c                         0x00000000   Number         0  defsig_general.o ABSOLUTE
    ../clib/signal.c                         0x00000000   Number         0  defsig_exit.o ABSOLUTE
    ../clib/signal.c                         0x00000000   Number         0  defsig_abrt_inner.o ABSOLUTE
    ../clib/signal.c                         0x00000000   Number         0  defsig_pvfn_inner.o ABSOLUTE
    ../clib/signal.c                         0x00000000   Number         0  defsig_rtmem_outer.o ABSOLUTE
    ../clib/signal.c                         0x00000000   Number         0  defsig_rtmem_formal.o ABSOLUTE
    ../clib/signal.c                         0x00000000   Number         0  defsig_other.o ABSOLUTE
    ../clib/signal.c                         0x00000000   Number         0  defsig_cppl_inner.o ABSOLUTE
    ../clib/signal.c                         0x00000000   Number         0  defsig_segv_inner.o ABSOLUTE
    ../clib/signal.s                         0x00000000   Number         0  defsig.o ABSOLUTE
    ../clib/stdlib.c                         0x00000000   Number         0  exit.o ABSOLUTE
    ../fplib/d2f.s                           0x00000000   Number         0  d2f.o ABSOLUTE
    ../fplib/daddsub.s                       0x00000000   Number         0  daddsub_clz.o ABSOLUTE
    ../fplib/ddiv.s                          0x00000000   Number         0  ddiv.o ABSOLUTE
    ../fplib/dflt.s                          0x00000000   Number         0  dflt_clz.o ABSOLUTE
    ../fplib/dmul.s                          0x00000000   Number         0  dmul.o ABSOLUTE
    ../fplib/dnaninf.s                       0x00000000   Number         0  dnaninf.o ABSOLUTE
    ../fplib/dretinf.s                       0x00000000   Number         0  dretinf.o ABSOLUTE
    ../fplib/f2d.s                           0x00000000   Number         0  f2d.o ABSOLUTE
    ../fplib/faddsub.s                       0x00000000   Number         0  faddsub_clz.o ABSOLUTE
    ../fplib/fcmpi.s                         0x00000000   Number         0  fcmpi.o ABSOLUTE
    ../fplib/fdiv.s                          0x00000000   Number         0  fdiv.o ABSOLUTE
    ../fplib/fflt.s                          0x00000000   Number         0  fflt_clz.o ABSOLUTE
    ../fplib/fleqf.s                         0x00000000   Number         0  fleqf.o ABSOLUTE
    ../fplib/fmul.s                          0x00000000   Number         0  fmul.o ABSOLUTE
    ../fplib/fnaninf.s                       0x00000000   Number         0  fnaninf.o ABSOLUTE
    ../fplib/fpinit.s                        0x00000000   Number         0  fpinit.o ABSOLUTE
    ../fplib/fretinf.s                       0x00000000   Number         0  fretinf.o ABSOLUTE
    ../fplib/istatus.s                       0x00000000   Number         0  istatus.o ABSOLUTE
    ../fplib/printf1.s                       0x00000000   Number         0  printf1.o ABSOLUTE
    ../fplib/usenofp.s                       0x00000000   Number         0  usenofp.o ABSOLUTE
    ../mathlib/fpclassify.c                  0x00000000   Number         0  fpclassify.o ABSOLUTE
    ..\Firmware\CMSIS\GD\GD32F10x\Source\ARM\startup_gd32f10x_md.s 0x00000000   Number         0  startup_gd32f10x_md.o ABSOLUTE
    ..\Firmware\CMSIS\GD\GD32F10x\Source\system_gd32f10x.c 0x00000000   Number         0  system_gd32f10x.o ABSOLUTE
    ..\Firmware\GD32F10x_standard_peripheral\Source\gd32f10x_exti.c 0x00000000   Number         0  gd32f10x_exti.o ABSOLUTE
    ..\Firmware\GD32F10x_standard_peripheral\Source\gd32f10x_gpio.c 0x00000000   Number         0  gd32f10x_gpio.o ABSOLUTE
    ..\Firmware\GD32F10x_standard_peripheral\Source\gd32f10x_misc.c 0x00000000   Number         0  gd32f10x_misc.o ABSOLUTE
    ..\Firmware\GD32F10x_standard_peripheral\Source\gd32f10x_rcu.c 0x00000000   Number         0  gd32f10x_rcu.o ABSOLUTE
    ..\Firmware\GD32F10x_standard_peripheral\Source\gd32f10x_timer.c 0x00000000   Number         0  gd32f10x_timer.o ABSOLUTE
    ..\Firmware\GD32F10x_standard_peripheral\Source\gd32f10x_usart.c 0x00000000   Number         0  gd32f10x_usart.o ABSOLUTE
    ..\\Firmware\\CMSIS\\GD\\GD32F10x\\Source\\system_gd32f10x.c 0x00000000   Number         0  system_gd32f10x.o ABSOLUTE
    ..\\Firmware\\GD32F10x_standard_peripheral\\Source\\gd32f10x_exti.c 0x00000000   Number         0  gd32f10x_exti.o ABSOLUTE
    ..\\Firmware\\GD32F10x_standard_peripheral\\Source\\gd32f10x_gpio.c 0x00000000   Number         0  gd32f10x_gpio.o ABSOLUTE
    ..\\Firmware\\GD32F10x_standard_peripheral\\Source\\gd32f10x_misc.c 0x00000000   Number         0  gd32f10x_misc.o ABSOLUTE
    ..\\Firmware\\GD32F10x_standard_peripheral\\Source\\gd32f10x_rcu.c 0x00000000   Number         0  gd32f10x_rcu.o ABSOLUTE
    ..\\Firmware\\GD32F10x_standard_peripheral\\Source\\gd32f10x_timer.c 0x00000000   Number         0  gd32f10x_timer.o ABSOLUTE
    ..\\Firmware\\GD32F10x_standard_peripheral\\Source\\gd32f10x_usart.c 0x00000000   Number         0  gd32f10x_usart.o ABSOLUTE
    APP\\ads124s08.c                         0x00000000   Number         0  ads124s08.o ABSOLUTE
    APP\\main.c                              0x00000000   Number         0  main.o ABSOLUTE
    APP\\pcb_sensor.c                        0x00000000   Number         0  pcb_sensor.o ABSOLUTE
    APP\\speed_sensor.c                      0x00000000   Number         0  speed_sensor.o ABSOLUTE
    APP\\usart_comm.c                        0x00000000   Number         0  usart_comm.o ABSOLUTE
    APP\ads124s08.c                          0x00000000   Number         0  ads124s08.o ABSOLUTE
    APP\main.c                               0x00000000   Number         0  main.o ABSOLUTE
    APP\pcb_sensor.c                         0x00000000   Number         0  pcb_sensor.o ABSOLUTE
    APP\speed_sensor.c                       0x00000000   Number         0  speed_sensor.o ABSOLUTE
    APP\thermocouple.c                       0x00000000   Number         0  thermocouple.o ABSOLUTE
    APP\usart_comm.c                         0x00000000   Number         0  usart_comm.o ABSOLUTE
    BSP\\gd32f10x_it.c                       0x00000000   Number         0  gd32f10x_it.o ABSOLUTE
    BSP\\systick.c                           0x00000000   Number         0  systick.o ABSOLUTE
    BSP\gd32f10x_it.c                        0x00000000   Number         0  gd32f10x_it.o ABSOLUTE
    BSP\systick.c                            0x00000000   Number         0  systick.o ABSOLUTE
    dc.s                                     0x00000000   Number         0  dc.o ABSOLUTE
    RESET                                    0x08000000   Section      260  startup_gd32f10x_md.o(RESET)
    !!!main                                  0x08000104   Section        8  __main.o(!!!main)
    !!!scatter                               0x0800010c   Section       52  __scatter.o(!!!scatter)
    !!handler_copy                           0x08000140   Section       26  __scatter_copy.o(!!handler_copy)
    !!handler_zi                             0x0800015c   Section       28  __scatter_zi.o(!!handler_zi)
    .ARM.Collect$$_printf_percent$$00000000  0x08000178   Section        0  _printf_percent.o(.ARM.Collect$$_printf_percent$$00000000)
    .ARM.Collect$$_printf_percent$$00000003  0x08000178   Section        6  _printf_f.o(.ARM.Collect$$_printf_percent$$00000003)
    .ARM.Collect$$_printf_percent$$0000000A  0x0800017e   Section        6  _printf_u.o(.ARM.Collect$$_printf_percent$$0000000A)
    .ARM.Collect$$_printf_percent$$00000014  0x08000184   Section        6  _printf_s.o(.ARM.Collect$$_printf_percent$$00000014)
    .ARM.Collect$$_printf_percent$$00000017  0x0800018a   Section        4  _printf_percent_end.o(.ARM.Collect$$_printf_percent$$00000017)
    .ARM.Collect$$libinit$$00000000          0x0800018e   Section        2  libinit.o(.ARM.Collect$$libinit$$00000000)
    .ARM.Collect$$libinit$$00000002          0x08000190   Section        0  libinit2.o(.ARM.Collect$$libinit$$00000002)
    .ARM.Collect$$libinit$$00000004          0x08000190   Section        0  libinit2.o(.ARM.Collect$$libinit$$00000004)
    .ARM.Collect$$libinit$$0000000A          0x08000190   Section        0  libinit2.o(.ARM.Collect$$libinit$$0000000A)
    .ARM.Collect$$libinit$$0000000C          0x08000190   Section        0  libinit2.o(.ARM.Collect$$libinit$$0000000C)
    .ARM.Collect$$libinit$$0000000E          0x08000190   Section        0  libinit2.o(.ARM.Collect$$libinit$$0000000E)
    .ARM.Collect$$libinit$$0000000F          0x08000190   Section        6  libinit2.o(.ARM.Collect$$libinit$$0000000F)
    .ARM.Collect$$libinit$$00000011          0x08000196   Section        0  libinit2.o(.ARM.Collect$$libinit$$00000011)
    .ARM.Collect$$libinit$$00000013          0x08000196   Section        0  libinit2.o(.ARM.Collect$$libinit$$00000013)
    .ARM.Collect$$libinit$$00000015          0x08000196   Section        0  libinit2.o(.ARM.Collect$$libinit$$00000015)
    .ARM.Collect$$libinit$$00000016          0x08000196   Section       10  libinit2.o(.ARM.Collect$$libinit$$00000016)
    .ARM.Collect$$libinit$$00000017          0x080001a0   Section        0  libinit2.o(.ARM.Collect$$libinit$$00000017)
    .ARM.Collect$$libinit$$00000019          0x080001a0   Section        0  libinit2.o(.ARM.Collect$$libinit$$00000019)
    .ARM.Collect$$libinit$$0000001B          0x080001a0   Section        0  libinit2.o(.ARM.Collect$$libinit$$0000001B)
    .ARM.Collect$$libinit$$0000001D          0x080001a0   Section        0  libinit2.o(.ARM.Collect$$libinit$$0000001D)
    .ARM.Collect$$libinit$$0000001F          0x080001a0   Section        0  libinit2.o(.ARM.Collect$$libinit$$0000001F)
    .ARM.Collect$$libinit$$00000021          0x080001a0   Section        0  libinit2.o(.ARM.Collect$$libinit$$00000021)
    .ARM.Collect$$libinit$$00000023          0x080001a0   Section        0  libinit2.o(.ARM.Collect$$libinit$$00000023)
    .ARM.Collect$$libinit$$00000025          0x080001a0   Section        0  libinit2.o(.ARM.Collect$$libinit$$00000025)
    .ARM.Collect$$libinit$$0000002C          0x080001a0   Section        0  libinit2.o(.ARM.Collect$$libinit$$0000002C)
    .ARM.Collect$$libinit$$0000002E          0x080001a0   Section        0  libinit2.o(.ARM.Collect$$libinit$$0000002E)
    .ARM.Collect$$libinit$$00000030          0x080001a0   Section        0  libinit2.o(.ARM.Collect$$libinit$$00000030)
    .ARM.Collect$$libinit$$00000032          0x080001a0   Section        0  libinit2.o(.ARM.Collect$$libinit$$00000032)
    .ARM.Collect$$libinit$$00000033          0x080001a0   Section        2  libinit2.o(.ARM.Collect$$libinit$$00000033)
    .ARM.Collect$$libshutdown$$00000000      0x080001a2   Section        2  libshutdown.o(.ARM.Collect$$libshutdown$$00000000)
    .ARM.Collect$$libshutdown$$00000003      0x080001a4   Section        0  libshutdown2.o(.ARM.Collect$$libshutdown$$00000003)
    .ARM.Collect$$libshutdown$$00000006      0x080001a4   Section        0  libshutdown2.o(.ARM.Collect$$libshutdown$$00000006)
    .ARM.Collect$$libshutdown$$00000009      0x080001a4   Section        0  libshutdown2.o(.ARM.Collect$$libshutdown$$00000009)
    .ARM.Collect$$libshutdown$$0000000B      0x080001a4   Section        0  libshutdown2.o(.ARM.Collect$$libshutdown$$0000000B)
    .ARM.Collect$$libshutdown$$0000000E      0x080001a4   Section        0  libshutdown2.o(.ARM.Collect$$libshutdown$$0000000E)
    .ARM.Collect$$libshutdown$$0000000F      0x080001a4   Section        2  libshutdown2.o(.ARM.Collect$$libshutdown$$0000000F)
    .ARM.Collect$$rtentry$$00000000          0x080001a6   Section        0  __rtentry.o(.ARM.Collect$$rtentry$$00000000)
    .ARM.Collect$$rtentry$$00000002          0x080001a6   Section        0  __rtentry2.o(.ARM.Collect$$rtentry$$00000002)
    .ARM.Collect$$rtentry$$00000004          0x080001a6   Section        6  __rtentry4.o(.ARM.Collect$$rtentry$$00000004)
    .ARM.Collect$$rtentry$$00000009          0x080001ac   Section        0  __rtentry2.o(.ARM.Collect$$rtentry$$00000009)
    .ARM.Collect$$rtentry$$0000000A          0x080001ac   Section        4  __rtentry2.o(.ARM.Collect$$rtentry$$0000000A)
    .ARM.Collect$$rtentry$$0000000C          0x080001b0   Section        0  __rtentry2.o(.ARM.Collect$$rtentry$$0000000C)
    .ARM.Collect$$rtentry$$0000000D          0x080001b0   Section        8  __rtentry2.o(.ARM.Collect$$rtentry$$0000000D)
    .ARM.Collect$$rtexit$$00000000           0x080001b8   Section        2  rtexit.o(.ARM.Collect$$rtexit$$00000000)
    .ARM.Collect$$rtexit$$00000002           0x080001ba   Section        0  rtexit2.o(.ARM.Collect$$rtexit$$00000002)
    .ARM.Collect$$rtexit$$00000003           0x080001ba   Section        4  rtexit2.o(.ARM.Collect$$rtexit$$00000003)
    .ARM.Collect$$rtexit$$00000004           0x080001be   Section        6  rtexit2.o(.ARM.Collect$$rtexit$$00000004)
    .text                                    0x080001c4   Section       64  startup_gd32f10x_md.o(.text)
    .text                                    0x08000204   Section        0  __2sprintf.o(.text)
    .text                                    0x08000230   Section        0  _printf_pad.o(.text)
    .text                                    0x0800027e   Section        0  _printf_str.o(.text)
    .text                                    0x080002d0   Section        0  _printf_dec.o(.text)
    .text                                    0x08000348   Section        0  __printf_flags_ss_wp.o(.text)
    .text                                    0x080004d0   Section        0  heapauxi.o(.text)
    .text                                    0x080004d6   Section        0  _printf_intcommon.o(.text)
    .text                                    0x08000588   Section        0  _printf_fp_dec.o(.text)
    _fp_digits                               0x0800058b   Thumb Code   428  _printf_fp_dec.o(.text)
    .text                                    0x080009a4   Section        0  _printf_char_common.o(.text)
    _printf_input_char                       0x080009a5   Thumb Code    10  _printf_char_common.o(.text)
    .text                                    0x080009d4   Section        0  _sputc.o(.text)
    .text                                    0x080009de   Section        0  _printf_char.o(.text)
    .text                                    0x08000a0c   Section        8  rt_locale_intlibspace.o(.text)
    .text                                    0x08000a14   Section      138  lludiv10.o(.text)
    .text                                    0x08000aa0   Section        0  _printf_fp_infnan.o(.text)
    .text                                    0x08000b20   Section        0  bigflt0.o(.text)
    .text                                    0x08000bfc   Section        8  libspace.o(.text)
    .text                                    0x08000c04   Section       74  sys_stackheap_outer.o(.text)
    .text                                    0x08000c4e   Section        0  exit.o(.text)
    .text                                    0x08000c5c   Section      128  strcmpv7m.o(.text)
    .text                                    0x08000cdc   Section        0  sys_exit.o(.text)
    .text                                    0x08000ce8   Section        2  use_no_semi.o(.text)
    .text                                    0x08000cea   Section        0  indicate_semi.o(.text)
    CL$$btod_d2e                             0x08000cea   Section       62  btod.o(CL$$btod_d2e)
    CL$$btod_d2e_denorm_low                  0x08000d28   Section       70  btod.o(CL$$btod_d2e_denorm_low)
    CL$$btod_d2e_norm_op1                    0x08000d6e   Section       96  btod.o(CL$$btod_d2e_norm_op1)
    CL$$btod_div_common                      0x08000dce   Section      824  btod.o(CL$$btod_div_common)
    CL$$btod_e2e                             0x08001106   Section      198  btod.o(CL$$btod_e2e)
    CL$$btod_ediv                            0x080011cc   Section       40  btod.o(CL$$btod_ediv)
    CL$$btod_emul                            0x080011f4   Section       40  btod.o(CL$$btod_emul)
    CL$$btod_mult_common                     0x0800121c   Section      580  btod.o(CL$$btod_mult_common)
    i.BusFault_Handler                       0x08001460   Section        0  gd32f10x_it.o(i.BusFault_Handler)
    i.DebugMon_Handler                       0x08001464   Section        0  gd32f10x_it.o(i.DebugMon_Handler)
    i.EXTI4_IRQHandler                       0x08001468   Section        0  speed_sensor.o(i.EXTI4_IRQHandler)
    i.EXTI5_9_IRQHandler                     0x080014d4   Section        0  pcb_sensor.o(i.EXTI5_9_IRQHandler)
    i.HardFault_Handler                      0x08001518   Section        0  gd32f10x_it.o(i.HardFault_Handler)
    i.MemManage_Handler                      0x0800151c   Section        0  gd32f10x_it.o(i.MemManage_Handler)
    i.NMI_Handler                            0x08001520   Section        0  gd32f10x_it.o(i.NMI_Handler)
    i.NVIC_SetPriority                       0x08001524   Section        0  systick.o(i.NVIC_SetPriority)
    NVIC_SetPriority                         0x08001525   Thumb Code    32  systick.o(i.NVIC_SetPriority)
    i.PendSV_Handler                         0x0800154c   Section        0  gd32f10x_it.o(i.PendSV_Handler)
    i.SVC_Handler                            0x0800154e   Section        0  gd32f10x_it.o(i.SVC_Handler)
    i.SysTick_Handler                        0x08001550   Section        0  gd32f10x_it.o(i.SysTick_Handler)
    i.SystemInit                             0x08001558   Section        0  system_gd32f10x.o(i.SystemInit)
    i.UsageFault_Handler                     0x0800162c   Section        0  gd32f10x_it.o(i.UsageFault_Handler)
    i.__ARM_fpclassify                       0x08001630   Section        0  fpclassify.o(i.__ARM_fpclassify)
    i._is_digit                              0x08001658   Section        0  __printf_wp.o(i._is_digit)
    i.ads124s08_init_all                     0x08001668   Section        0  ads124s08.o(i.ads124s08_init_all)
    i.ads124s08_read_data                    0x08001778   Section        0  ads124s08.o(i.ads124s08_read_data)
    i.ads_code_to_uv                         0x080017d0   Section        0  thermocouple.o(i.ads_code_to_uv)
    i.collect_12ch_temperature               0x08001810   Section        0  main.o(i.collect_12ch_temperature)
    collect_12ch_temperature                 0x08001811   Thumb Code   116  main.o(i.collect_12ch_temperature)
    i.cs_high                                0x0800188c   Section        0  ads124s08.o(i.cs_high)
    cs_high                                  0x0800188d   Thumb Code    28  ads124s08.o(i.cs_high)
    i.cs_low                                 0x080018b0   Section        0  ads124s08.o(i.cs_low)
    cs_low                                   0x080018b1   Thumb Code    28  ads124s08.o(i.cs_low)
    i.delay_1ms                              0x080018d4   Section        0  systick.o(i.delay_1ms)
    i.delay_decrement                        0x080018e8   Section        0  systick.o(i.delay_decrement)
    i.drdy_ready                             0x08001900   Section        0  ads124s08.o(i.drdy_ready)
    drdy_ready                               0x08001901   Thumb Code    42  ads124s08.o(i.drdy_ready)
    i.exti_init                              0x08001934   Section        0  gd32f10x_exti.o(i.exti_init)
    i.exti_interrupt_flag_clear              0x080019f0   Section        0  gd32f10x_exti.o(i.exti_interrupt_flag_clear)
    i.exti_interrupt_flag_get                0x080019fc   Section        0  gd32f10x_exti.o(i.exti_interrupt_flag_get)
    i.gpio_bit_reset                         0x08001a14   Section        0  gd32f10x_gpio.o(i.gpio_bit_reset)
    i.gpio_bit_set                           0x08001a18   Section        0  gd32f10x_gpio.o(i.gpio_bit_set)
    i.gpio_exti_source_select                0x08001a1c   Section        0  gd32f10x_gpio.o(i.gpio_exti_source_select)
    i.gpio_init                              0x08001ab4   Section        0  gd32f10x_gpio.o(i.gpio_init)
    i.gpio_input_bit_get                     0x08001b60   Section        0  gd32f10x_gpio.o(i.gpio_input_bit_get)
    i.gpio_pin_remap_config                  0x08001b70   Section        0  gd32f10x_gpio.o(i.gpio_pin_remap_config)
    i.k_cjc_temp_to_uv                       0x08001c00   Section        0  thermocouple.o(i.k_cjc_temp_to_uv)
    i.k_tc_compensated_temp_c                0x08001c18   Section        0  thermocouple.o(i.k_tc_compensated_temp_c)
    i.k_uv_to_temp_c                         0x08001c64   Section        0  thermocouple.o(i.k_uv_to_temp_c)
    i.main                                   0x08001c7c   Section        0  main.o(i.main)
    i.make_barcode                           0x08001cf0   Section        0  main.o(i.make_barcode)
    make_barcode                             0x08001cf1   Thumb Code    18  main.o(i.make_barcode)
    i.nvic_irq_enable                        0x08001d0c   Section        0  gd32f10x_misc.o(i.nvic_irq_enable)
    i.nvic_priority_group_set                0x08001db8   Section        0  gd32f10x_misc.o(i.nvic_priority_group_set)
    i.nvic_vector_table_set                  0x08001dcc   Section        0  gd32f10x_misc.o(i.nvic_vector_table_set)
    i.pcb_enter_event                        0x08001de4   Section        0  pcb_sensor.o(i.pcb_enter_event)
    i.pcb_sensor_init                        0x08001dfc   Section        0  pcb_sensor.o(i.pcb_sensor_init)
    i.rcu_clock_freq_get                     0x08001e70   Section        0  gd32f10x_rcu.o(i.rcu_clock_freq_get)
    i.rcu_periph_clock_enable                0x08001f94   Section        0  gd32f10x_rcu.o(i.rcu_periph_clock_enable)
    i.rcu_periph_reset_disable               0x08001fb4   Section        0  gd32f10x_rcu.o(i.rcu_periph_reset_disable)
    i.rcu_periph_reset_enable                0x08001fd4   Section        0  gd32f10x_rcu.o(i.rcu_periph_reset_enable)
    i.reset_hw                               0x08001ff4   Section        0  ads124s08.o(i.reset_hw)
    reset_hw                                 0x08001ff5   Thumb Code    64  ads124s08.o(i.reset_hw)
    i.send_cmd                               0x0800203c   Section        0  ads124s08.o(i.send_cmd)
    send_cmd                                 0x0800203d   Thumb Code    32  ads124s08.o(i.send_cmd)
    i.send_protocol_packet                   0x0800205c   Section        0  main.o(i.send_protocol_packet)
    send_protocol_packet                     0x0800205d   Thumb Code   208  main.o(i.send_protocol_packet)
    i.send_string                            0x08002178   Section        0  main.o(i.send_string)
    send_string                              0x08002179   Thumb Code    12  main.o(i.send_string)
    i.speed_sensor_init                      0x08002184   Section        0  speed_sensor.o(i.speed_sensor_init)
    i.speed_set_mm_per_pulse                 0x08002224   Section        0  speed_sensor.o(i.speed_set_mm_per_pulse)
    i.spi_rw                                 0x08002230   Section        0  ads124s08.o(i.spi_rw)
    spi_rw                                   0x08002231   Thumb Code   100  ads124s08.o(i.spi_rw)
    i.system_clock_108m_hxtal                0x0800229c   Section        0  system_gd32f10x.o(i.system_clock_108m_hxtal)
    system_clock_108m_hxtal                  0x0800229d   Thumb Code   182  system_gd32f10x.o(i.system_clock_108m_hxtal)
    i.system_clock_config                    0x08002360   Section        0  system_gd32f10x.o(i.system_clock_config)
    system_clock_config                      0x08002361   Thumb Code     8  system_gd32f10x.o(i.system_clock_config)
    i.systick_config                         0x08002368   Section        0  systick.o(i.systick_config)
    i.timer_autoreload_value_config          0x080023b8   Section        0  gd32f10x_timer.o(i.timer_autoreload_value_config)
    i.timer_counter_read                     0x080023bc   Section        0  gd32f10x_timer.o(i.timer_counter_read)
    i.timer_counter_value_config             0x080023c4   Section        0  gd32f10x_timer.o(i.timer_counter_value_config)
    i.timer_deinit                           0x080023c8   Section        0  gd32f10x_timer.o(i.timer_deinit)
    i.timer_enable                           0x080024a4   Section        0  gd32f10x_timer.o(i.timer_enable)
    i.timer_prescaler_config                 0x080024ae   Section        0  gd32f10x_timer.o(i.timer_prescaler_config)
    i.update_pcb_position                    0x080024c0   Section        0  main.o(i.update_pcb_position)
    update_pcb_position                      0x080024c1   Thumb Code   240  main.o(i.update_pcb_position)
    i.usart0_init                            0x080025c8   Section        0  usart_comm.o(i.usart0_init)
    i.usart0_send_byte                       0x08002640   Section        0  usart_comm.o(i.usart0_send_byte)
    i.usart0_send_string                     0x08002660   Section        0  usart_comm.o(i.usart0_send_string)
    i.usart_baudrate_set                     0x08002678   Section        0  gd32f10x_usart.o(i.usart_baudrate_set)
    i.usart_data_transmit                    0x08002708   Section        0  gd32f10x_usart.o(i.usart_data_transmit)
    i.usart_deinit                           0x08002710   Section        0  gd32f10x_usart.o(i.usart_deinit)
    i.usart_enable                           0x080027a0   Section        0  gd32f10x_usart.o(i.usart_enable)
    i.usart_flag_get                         0x080027aa   Section        0  gd32f10x_usart.o(i.usart_flag_get)
    i.usart_parity_config                    0x080027c8   Section        0  gd32f10x_usart.o(i.usart_parity_config)
    i.usart_receive_config                   0x080027d8   Section        0  gd32f10x_usart.o(i.usart_receive_config)
    i.usart_stop_bit_set                     0x080027e8   Section        0  gd32f10x_usart.o(i.usart_stop_bit_set)
    i.usart_transmit_config                  0x080027f8   Section        0  gd32f10x_usart.o(i.usart_transmit_config)
    i.usart_word_length_set                  0x08002808   Section        0  gd32f10x_usart.o(i.usart_word_length_set)
    i.write_reg                              0x08002818   Section        0  ads124s08.o(i.write_reg)
    write_reg                                0x08002819   Thumb Code    42  ads124s08.o(i.write_reg)
    locale$$code                             0x08002844   Section       44  lc_numeric_c.o(locale$$code)
    x$fpl$d2f                                0x08002870   Section       98  d2f.o(x$fpl$d2f)
    x$fpl$dadd                               0x080028d4   Section      336  daddsub_clz.o(x$fpl$dadd)
    _dadd1                                   0x080028e5   Thumb Code     0  daddsub_clz.o(x$fpl$dadd)
    x$fpl$ddiv                               0x08002a24   Section      688  ddiv.o(x$fpl$ddiv)
    ddiv_entry                               0x08002a2b   Thumb Code     0  ddiv.o(x$fpl$ddiv)
    x$fpl$dflt                               0x08002cd4   Section       46  dflt_clz.o(x$fpl$dflt)
    x$fpl$dfltu                              0x08002d02   Section       38  dflt_clz.o(x$fpl$dfltu)
    x$fpl$dmul                               0x08002d28   Section      340  dmul.o(x$fpl$dmul)
    x$fpl$dnaninf                            0x08002e7c   Section      156  dnaninf.o(x$fpl$dnaninf)
    x$fpl$dretinf                            0x08002f18   Section       12  dretinf.o(x$fpl$dretinf)
    x$fpl$dsub                               0x08002f24   Section      468  daddsub_clz.o(x$fpl$dsub)
    _dsub1                                   0x08002f35   Thumb Code     0  daddsub_clz.o(x$fpl$dsub)
    x$fpl$f2d                                0x080030f8   Section       86  f2d.o(x$fpl$f2d)
    x$fpl$fadd                               0x08003150   Section      196  faddsub_clz.o(x$fpl$fadd)
    _fadd1                                   0x0800315f   Thumb Code     0  faddsub_clz.o(x$fpl$fadd)
    x$fpl$fcmpinf                            0x08003214   Section       24  fcmpi.o(x$fpl$fcmpinf)
    x$fpl$fleqf                              0x0800322c   Section      104  fleqf.o(x$fpl$fleqf)
    x$fpl$fmul                               0x08003294   Section      258  fmul.o(x$fpl$fmul)
    x$fpl$fnaninf                            0x08003396   Section      140  fnaninf.o(x$fpl$fnaninf)
    x$fpl$fretinf                            0x08003422   Section       10  fretinf.o(x$fpl$fretinf)
    x$fpl$fsub                               0x0800342c   Section      234  faddsub_clz.o(x$fpl$fsub)
    _fsub1                                   0x0800343b   Thumb Code     0  faddsub_clz.o(x$fpl$fsub)
    x$fpl$printf1                            0x08003516   Section        4  printf1.o(x$fpl$printf1)
    .constdata                               0x0800351a   Section       17  __printf_flags_ss_wp.o(.constdata)
    x$fpl$usenofp                            0x0800351a   Section        0  usenofp.o(x$fpl$usenofp)
    maptable                                 0x0800351a   Data          17  __printf_flags_ss_wp.o(.constdata)
    .constdata                               0x0800352c   Section      148  bigflt0.o(.constdata)
    tenpwrs_x                                0x0800352c   Data          60  bigflt0.o(.constdata)
    tenpwrs_i                                0x08003568   Data          64  bigflt0.o(.constdata)
    locale$$data                             0x080035e0   Section       28  lc_numeric_c.o(locale$$data)
    __lcnum_c_name                           0x080035e4   Data           2  lc_numeric_c.o(locale$$data)
    __lcnum_c_start                          0x080035ec   Data           0  lc_numeric_c.o(locale$$data)
    __lcnum_c_point                          0x080035f8   Data           0  lc_numeric_c.o(locale$$data)
    __lcnum_c_thousands                      0x080035fa   Data           0  lc_numeric_c.o(locale$$data)
    __lcnum_c_grouping                       0x080035fb   Data           0  lc_numeric_c.o(locale$$data)
    __lcnum_c_end                            0x080035fc   Data           0  lc_numeric_c.o(locale$$data)
    .data                                    0x20000000   Section       14  main.o(.data)
    g_seq                                    0x20000004   Data           4  main.o(.data)
    g_speed_mm_s                             0x20000008   Data           4  main.o(.data)
    g_next_board_id                          0x2000000c   Data           2  main.o(.data)
    .data                                    0x2000000e   Section        3  pcb_sensor.o(.data)
    g_pcb_present                            0x2000000e   Data           1  pcb_sensor.o(.data)
    g_enter_flag                             0x2000000f   Data           1  pcb_sensor.o(.data)
    g_leave_flag                             0x20000010   Data           1  pcb_sensor.o(.data)
    .data                                    0x20000014   Section       16  speed_sensor.o(.data)
    g_last_tick                              0x20000014   Data           4  speed_sensor.o(.data)
    g_period_us                              0x20000018   Data           4  speed_sensor.o(.data)
    g_speed_valid                            0x2000001c   Data           1  speed_sensor.o(.data)
    speed_updated_flag                       0x2000001d   Data           1  speed_sensor.o(.data)
    g_mm_per_pulse                           0x20000020   Data           4  speed_sensor.o(.data)
    .data                                    0x20000024   Section        4  systick.o(.data)
    delay                                    0x20000024   Data           4  systick.o(.data)
    .data                                    0x20000028   Section        4  system_gd32f10x.o(.data)
    .bss                                     0x2000002c   Section      168  main.o(.bss)
    g_temps                                  0x2000002c   Data          48  main.o(.bss)
    g_zone_board_ids                         0x2000005c   Data          24  main.o(.bss)
    g_pcb_nodes                              0x20000074   Data          96  main.o(.bss)
    .bss                                     0x200000d4   Section       96  libspace.o(.bss)
    HEAP                                     0x20000138   Section      512  startup_gd32f10x_md.o(HEAP)
    Heap_Mem                                 0x20000138   Data         512  startup_gd32f10x_md.o(HEAP)
    STACK                                    0x20000338   Section     1024  startup_gd32f10x_md.o(STACK)
    Stack_Mem                                0x20000338   Data        1024  startup_gd32f10x_md.o(STACK)
    __initial_sp                             0x20000738   Data           0  startup_gd32f10x_md.o(STACK)

    Global Symbols

    Symbol Name                              Value     Ov Type        Size  Object(Section)

    BuildAttributes$$THM_ISAv4$P$D$K$B$S$PE$A:L22UL41UL21$X:L11$S22US41US21$IEEE1$IW$USESV6$~STKCKD$USESV7$~SHL$OTIME$ROPI$IEEEJ$EBA8$UX$STANDARDLIB$REQ8$PRES8$EABIv2 0x00000000   Number         0  anon$$obj.o ABSOLUTE
    __ARM_use_no_argv                        0x00000000   Number         0  main.o ABSOLUTE
    _printf_flags                            0x00000000   Number         0  printf_stubs.o ABSOLUTE
    _printf_return_value                     0x00000000   Number         0  printf_stubs.o ABSOLUTE
    _printf_sizespec                         0x00000000   Number         0  printf_stubs.o ABSOLUTE
    _printf_widthprec                        0x00000000   Number         0  printf_stubs.o ABSOLUTE
    __ARM_exceptions_init                     - Undefined Weak Reference
    __alloca_initialize                       - Undefined Weak Reference
    __arm_preinit_                            - Undefined Weak Reference
    __cpp_initialize__aeabi_                  - Undefined Weak Reference
    __cxa_finalize                            - Undefined Weak Reference
    __sigvec_lookup                           - Undefined Weak Reference
    _atexit_init                              - Undefined Weak Reference
    _call_atexit_fns                          - Undefined Weak Reference
    _clock_init                               - Undefined Weak Reference
    _fp_trap_init                             - Undefined Weak Reference
    _fp_trap_shutdown                         - Undefined Weak Reference
    _get_lc_collate                           - Undefined Weak Reference
    _get_lc_ctype                             - Undefined Weak Reference
    _get_lc_monetary                          - Undefined Weak Reference
    _get_lc_time                              - Undefined Weak Reference
    _getenv_init                              - Undefined Weak Reference
    _handle_redirection                       - Undefined Weak Reference
    _init_alloc                               - Undefined Weak Reference
    _init_user_alloc                          - Undefined Weak Reference
    _initio                                   - Undefined Weak Reference
    _printf_mbtowc                            - Undefined Weak Reference
    _printf_truncate_signed                   - Undefined Weak Reference
    _printf_truncate_unsigned                 - Undefined Weak Reference
    _rand_init                                - Undefined Weak Reference
    _signal_finish                            - Undefined Weak Reference
    _signal_init                              - Undefined Weak Reference
    _terminate_alloc                          - Undefined Weak Reference
    _terminate_user_alloc                     - Undefined Weak Reference
    _terminateio                              - Undefined Weak Reference
    __Vectors_Size                           0x00000104   Number         0  startup_gd32f10x_md.o ABSOLUTE
    __Vectors                                0x08000000   Data           4  startup_gd32f10x_md.o(RESET)
    __Vectors_End                            0x08000104   Data           0  startup_gd32f10x_md.o(RESET)
    __main                                   0x08000105   Thumb Code     8  __main.o(!!!main)
    __scatterload                            0x0800010d   Thumb Code     0  __scatter.o(!!!scatter)
    __scatterload_rt2                        0x0800010d   Thumb Code    44  __scatter.o(!!!scatter)
    __scatterload_rt2_thumb_only             0x0800010d   Thumb Code     0  __scatter.o(!!!scatter)
    __scatterload_null                       0x0800011b   Thumb Code     0  __scatter.o(!!!scatter)
    __scatterload_copy                       0x08000141   Thumb Code    26  __scatter_copy.o(!!handler_copy)
    __scatterload_zeroinit                   0x0800015d   Thumb Code    28  __scatter_zi.o(!!handler_zi)
    _printf_f                                0x08000179   Thumb Code     0  _printf_f.o(.ARM.Collect$$_printf_percent$$00000003)
    _printf_percent                          0x08000179   Thumb Code     0  _printf_percent.o(.ARM.Collect$$_printf_percent$$00000000)
    _printf_u                                0x0800017f   Thumb Code     0  _printf_u.o(.ARM.Collect$$_printf_percent$$0000000A)
    _printf_s                                0x08000185   Thumb Code     0  _printf_s.o(.ARM.Collect$$_printf_percent$$00000014)
    _printf_percent_end                      0x0800018b   Thumb Code     0  _printf_percent_end.o(.ARM.Collect$$_printf_percent$$00000017)
    __rt_lib_init                            0x0800018f   Thumb Code     0  libinit.o(.ARM.Collect$$libinit$$00000000)
    __rt_lib_init_fp_1                       0x08000191   Thumb Code     0  libinit2.o(.ARM.Collect$$libinit$$00000002)
    __rt_lib_init_heap_1                     0x08000191   Thumb Code     0  libinit2.o(.ARM.Collect$$libinit$$0000000A)
    __rt_lib_init_lc_common                  0x08000191   Thumb Code     0  libinit2.o(.ARM.Collect$$libinit$$0000000F)
    __rt_lib_init_preinit_1                  0x08000191   Thumb Code     0  libinit2.o(.ARM.Collect$$libinit$$00000004)
    __rt_lib_init_rand_1                     0x08000191   Thumb Code     0  libinit2.o(.ARM.Collect$$libinit$$0000000E)
    __rt_lib_init_user_alloc_1               0x08000191   Thumb Code     0  libinit2.o(.ARM.Collect$$libinit$$0000000C)
    __rt_lib_init_lc_collate_1               0x08000197   Thumb Code     0  libinit2.o(.ARM.Collect$$libinit$$00000011)
    __rt_lib_init_lc_ctype_1                 0x08000197   Thumb Code     0  libinit2.o(.ARM.Collect$$libinit$$00000013)
    __rt_lib_init_lc_monetary_1              0x08000197   Thumb Code     0  libinit2.o(.ARM.Collect$$libinit$$00000015)
    __rt_lib_init_lc_numeric_2               0x08000197   Thumb Code     0  libinit2.o(.ARM.Collect$$libinit$$00000016)
    __rt_lib_init_alloca_1                   0x080001a1   Thumb Code     0  libinit2.o(.ARM.Collect$$libinit$$0000002E)
    __rt_lib_init_argv_1                     0x080001a1   Thumb Code     0  libinit2.o(.ARM.Collect$$libinit$$0000002C)
    __rt_lib_init_atexit_1                   0x080001a1   Thumb Code     0  libinit2.o(.ARM.Collect$$libinit$$0000001B)
    __rt_lib_init_clock_1                    0x080001a1   Thumb Code     0  libinit2.o(.ARM.Collect$$libinit$$00000021)
    __rt_lib_init_cpp_1                      0x080001a1   Thumb Code     0  libinit2.o(.ARM.Collect$$libinit$$00000032)
    __rt_lib_init_exceptions_1               0x080001a1   Thumb Code     0  libinit2.o(.ARM.Collect$$libinit$$00000030)
    __rt_lib_init_fp_trap_1                  0x080001a1   Thumb Code     0  libinit2.o(.ARM.Collect$$libinit$$0000001F)
    __rt_lib_init_getenv_1                   0x080001a1   Thumb Code     0  libinit2.o(.ARM.Collect$$libinit$$00000023)
    __rt_lib_init_lc_numeric_1               0x080001a1   Thumb Code     0  libinit2.o(.ARM.Collect$$libinit$$00000017)
    __rt_lib_init_lc_time_1                  0x080001a1   Thumb Code     0  libinit2.o(.ARM.Collect$$libinit$$00000019)
    __rt_lib_init_return                     0x080001a1   Thumb Code     0  libinit2.o(.ARM.Collect$$libinit$$00000033)
    __rt_lib_init_signal_1                   0x080001a1   Thumb Code     0  libinit2.o(.ARM.Collect$$libinit$$0000001D)
    __rt_lib_init_stdio_1                    0x080001a1   Thumb Code     0  libinit2.o(.ARM.Collect$$libinit$$00000025)
    __rt_lib_shutdown                        0x080001a3   Thumb Code     0  libshutdown.o(.ARM.Collect$$libshutdown$$00000000)
    __rt_lib_shutdown_fp_trap_1              0x080001a5   Thumb Code     0  libshutdown2.o(.ARM.Collect$$libshutdown$$00000006)
    __rt_lib_shutdown_heap_1                 0x080001a5   Thumb Code     0  libshutdown2.o(.ARM.Collect$$libshutdown$$0000000E)
    __rt_lib_shutdown_return                 0x080001a5   Thumb Code     0  libshutdown2.o(.ARM.Collect$$libshutdown$$0000000F)
    __rt_lib_shutdown_signal_1               0x080001a5   Thumb Code     0  libshutdown2.o(.ARM.Collect$$libshutdown$$00000009)
    __rt_lib_shutdown_stdio_1                0x080001a5   Thumb Code     0  libshutdown2.o(.ARM.Collect$$libshutdown$$00000003)
    __rt_lib_shutdown_user_alloc_1           0x080001a5   Thumb Code     0  libshutdown2.o(.ARM.Collect$$libshutdown$$0000000B)
    __rt_entry                               0x080001a7   Thumb Code     0  __rtentry.o(.ARM.Collect$$rtentry$$00000000)
    __rt_entry_presh_1                       0x080001a7   Thumb Code     0  __rtentry2.o(.ARM.Collect$$rtentry$$00000002)
    __rt_entry_sh                            0x080001a7   Thumb Code     0  __rtentry4.o(.ARM.Collect$$rtentry$$00000004)
    __rt_entry_li                            0x080001ad   Thumb Code     0  __rtentry2.o(.ARM.Collect$$rtentry$$0000000A)
    __rt_entry_postsh_1                      0x080001ad   Thumb Code     0  __rtentry2.o(.ARM.Collect$$rtentry$$00000009)
    __rt_entry_main                          0x080001b1   Thumb Code     0  __rtentry2.o(.ARM.Collect$$rtentry$$0000000D)
    __rt_entry_postli_1                      0x080001b1   Thumb Code     0  __rtentry2.o(.ARM.Collect$$rtentry$$0000000C)
    __rt_exit                                0x080001b9   Thumb Code     0  rtexit.o(.ARM.Collect$$rtexit$$00000000)
    __rt_exit_ls                             0x080001bb   Thumb Code     0  rtexit2.o(.ARM.Collect$$rtexit$$00000003)
    __rt_exit_prels_1                        0x080001bb   Thumb Code     0  rtexit2.o(.ARM.Collect$$rtexit$$00000002)
    __rt_exit_exit                           0x080001bf   Thumb Code     0  rtexit2.o(.ARM.Collect$$rtexit$$00000004)
    Reset_Handler                            0x080001c5   Thumb Code     8  startup_gd32f10x_md.o(.text)
    ADC0_1_IRQHandler                        0x080001df   Thumb Code     0  startup_gd32f10x_md.o(.text)
    CAN0_EWMC_IRQHandler                     0x080001df   Thumb Code     0  startup_gd32f10x_md.o(.text)
    CAN0_RX1_IRQHandler                      0x080001df   Thumb Code     0  startup_gd32f10x_md.o(.text)
    DMA0_Channel0_IRQHandler                 0x080001df   Thumb Code     0  startup_gd32f10x_md.o(.text)
    DMA0_Channel1_IRQHandler                 0x080001df   Thumb Code     0  startup_gd32f10x_md.o(.text)
    DMA0_Channel2_IRQHandler                 0x080001df   Thumb Code     0  startup_gd32f10x_md.o(.text)
    DMA0_Channel3_IRQHandler                 0x080001df   Thumb Code     0  startup_gd32f10x_md.o(.text)
    DMA0_Channel4_IRQHandler                 0x080001df   Thumb Code     0  startup_gd32f10x_md.o(.text)
    DMA0_Channel5_IRQHandler                 0x080001df   Thumb Code     0  startup_gd32f10x_md.o(.text)
    DMA0_Channel6_IRQHandler                 0x080001df   Thumb Code     0  startup_gd32f10x_md.o(.text)
    EXMC_IRQHandler                          0x080001df   Thumb Code     0  startup_gd32f10x_md.o(.text)
    EXTI0_IRQHandler                         0x080001df   Thumb Code     0  startup_gd32f10x_md.o(.text)
    EXTI10_15_IRQHandler                     0x080001df   Thumb Code     0  startup_gd32f10x_md.o(.text)
    EXTI1_IRQHandler                         0x080001df   Thumb Code     0  startup_gd32f10x_md.o(.text)
    EXTI2_IRQHandler                         0x080001df   Thumb Code     0  startup_gd32f10x_md.o(.text)
    EXTI3_IRQHandler                         0x080001df   Thumb Code     0  startup_gd32f10x_md.o(.text)
    FMC_IRQHandler                           0x080001df   Thumb Code     0  startup_gd32f10x_md.o(.text)
    I2C0_ER_IRQHandler                       0x080001df   Thumb Code     0  startup_gd32f10x_md.o(.text)
    I2C0_EV_IRQHandler                       0x080001df   Thumb Code     0  startup_gd32f10x_md.o(.text)
    I2C1_ER_IRQHandler                       0x080001df   Thumb Code     0  startup_gd32f10x_md.o(.text)
    I2C1_EV_IRQHandler                       0x080001df   Thumb Code     0  startup_gd32f10x_md.o(.text)
    LVD_IRQHandler                           0x080001df   Thumb Code     0  startup_gd32f10x_md.o(.text)
    RCU_IRQHandler                           0x080001df   Thumb Code     0  startup_gd32f10x_md.o(.text)
    RTC_Alarm_IRQHandler                     0x080001df   Thumb Code     0  startup_gd32f10x_md.o(.text)
    RTC_IRQHandler                           0x080001df   Thumb Code     0  startup_gd32f10x_md.o(.text)
    SPI0_IRQHandler                          0x080001df   Thumb Code     0  startup_gd32f10x_md.o(.text)
    SPI1_IRQHandler                          0x080001df   Thumb Code     0  startup_gd32f10x_md.o(.text)
    TAMPER_IRQHandler                        0x080001df   Thumb Code     0  startup_gd32f10x_md.o(.text)
    TIMER0_BRK_IRQHandler                    0x080001df   Thumb Code     0  startup_gd32f10x_md.o(.text)
    TIMER0_Channel_IRQHandler                0x080001df   Thumb Code     0  startup_gd32f10x_md.o(.text)
    TIMER0_TRG_CMT_IRQHandler                0x080001df   Thumb Code     0  startup_gd32f10x_md.o(.text)
    TIMER0_UP_IRQHandler                     0x080001df   Thumb Code     0  startup_gd32f10x_md.o(.text)
    TIMER1_IRQHandler                        0x080001df   Thumb Code     0  startup_gd32f10x_md.o(.text)
    TIMER2_IRQHandler                        0x080001df   Thumb Code     0  startup_gd32f10x_md.o(.text)
    TIMER3_IRQHandler                        0x080001df   Thumb Code     0  startup_gd32f10x_md.o(.text)
    USART0_IRQHandler                        0x080001df   Thumb Code     0  startup_gd32f10x_md.o(.text)
    USART1_IRQHandler                        0x080001df   Thumb Code     0  startup_gd32f10x_md.o(.text)
    USART2_IRQHandler                        0x080001df   Thumb Code     0  startup_gd32f10x_md.o(.text)
    USBD_HP_CAN0_TX_IRQHandler               0x080001df   Thumb Code     0  startup_gd32f10x_md.o(.text)
    USBD_LP_CAN0_RX0_IRQHandler              0x080001df   Thumb Code     0  startup_gd32f10x_md.o(.text)
    USBD_WKUP_IRQHandler                     0x080001df   Thumb Code     0  startup_gd32f10x_md.o(.text)
    WWDGT_IRQHandler                         0x080001df   Thumb Code     0  startup_gd32f10x_md.o(.text)
    __user_initial_stackheap                 0x080001e1   Thumb Code    10  startup_gd32f10x_md.o(.text)
    __2sprintf                               0x08000205   Thumb Code    38  __2sprintf.o(.text)
    _printf_pre_padding                      0x08000231   Thumb Code    44  _printf_pad.o(.text)
    _printf_post_padding                     0x0800025d   Thumb Code    34  _printf_pad.o(.text)
    _printf_str                              0x0800027f   Thumb Code    82  _printf_str.o(.text)
    _printf_int_dec                          0x080002d1   Thumb Code   104  _printf_dec.o(.text)
    __printf                                 0x08000349   Thumb Code   388  __printf_flags_ss_wp.o(.text)
    __use_two_region_memory                  0x080004d1   Thumb Code     2  heapauxi.o(.text)
    __rt_heap_escrow$2region                 0x080004d3   Thumb Code     2  heapauxi.o(.text)
    __rt_heap_expand$2region                 0x080004d5   Thumb Code     2  heapauxi.o(.text)
    _printf_int_common                       0x080004d7   Thumb Code   178  _printf_intcommon.o(.text)
    __lib_sel_fp_printf                      0x08000589   Thumb Code     2  _printf_fp_dec.o(.text)
    _printf_fp_dec_real                      0x08000737   Thumb Code   620  _printf_fp_dec.o(.text)
    _printf_char_common                      0x080009af   Thumb Code    32  _printf_char_common.o(.text)
    _sputc                                   0x080009d5   Thumb Code    10  _sputc.o(.text)
    _printf_cs_common                        0x080009df   Thumb Code    20  _printf_char.o(.text)
    _printf_char                             0x080009f3   Thumb Code    16  _printf_char.o(.text)
    _printf_string                           0x08000a03   Thumb Code     8  _printf_char.o(.text)
    __rt_locale                              0x08000a0d   Thumb Code     8  rt_locale_intlibspace.o(.text)
    _ll_udiv10                               0x08000a15   Thumb Code   138  lludiv10.o(.text)
    _printf_fp_infnan                        0x08000aa1   Thumb Code   112  _printf_fp_infnan.o(.text)
    _btod_etento                             0x08000b21   Thumb Code   216  bigflt0.o(.text)
    __user_libspace                          0x08000bfd   Thumb Code     8  libspace.o(.text)
    __user_perproc_libspace                  0x08000bfd   Thumb Code     0  libspace.o(.text)
    __user_perthread_libspace                0x08000bfd   Thumb Code     0  libspace.o(.text)
    __user_setup_stackheap                   0x08000c05   Thumb Code    74  sys_stackheap_outer.o(.text)
    exit                                     0x08000c4f   Thumb Code    12  exit.o(.text)
    strcmp                                   0x08000c5d   Thumb Code   128  strcmpv7m.o(.text)
    _sys_exit                                0x08000cdd   Thumb Code     8  sys_exit.o(.text)
    __I$use$semihosting                      0x08000ce9   Thumb Code     0  use_no_semi.o(.text)
    __use_no_semihosting_swi                 0x08000ce9   Thumb Code     2  use_no_semi.o(.text)
    __semihosting_library_function           0x08000ceb   Thumb Code     0  indicate_semi.o(.text)
    _btod_d2e                                0x08000ceb   Thumb Code    62  btod.o(CL$$btod_d2e)
    _d2e_denorm_low                          0x08000d29   Thumb Code    70  btod.o(CL$$btod_d2e_denorm_low)
    _d2e_norm_op1                            0x08000d6f   Thumb Code    96  btod.o(CL$$btod_d2e_norm_op1)
    __btod_div_common                        0x08000dcf   Thumb Code   696  btod.o(CL$$btod_div_common)
    _e2e                                     0x08001107   Thumb Code   198  btod.o(CL$$btod_e2e)
    _btod_ediv                               0x080011cd   Thumb Code    40  btod.o(CL$$btod_ediv)
    _btod_emul                               0x080011f5   Thumb Code    40  btod.o(CL$$btod_emul)
    __btod_mult_common                       0x0800121d   Thumb Code   580  btod.o(CL$$btod_mult_common)
    BusFault_Handler                         0x08001461   Thumb Code     4  gd32f10x_it.o(i.BusFault_Handler)
    DebugMon_Handler                         0x08001465   Thumb Code     2  gd32f10x_it.o(i.DebugMon_Handler)
    EXTI4_IRQHandler                         0x08001469   Thumb Code    86  speed_sensor.o(i.EXTI4_IRQHandler)
    EXTI5_9_IRQHandler                       0x080014d5   Thumb Code    52  pcb_sensor.o(i.EXTI5_9_IRQHandler)
    HardFault_Handler                        0x08001519   Thumb Code     4  gd32f10x_it.o(i.HardFault_Handler)
    MemManage_Handler                        0x0800151d   Thumb Code     4  gd32f10x_it.o(i.MemManage_Handler)
    NMI_Handler                              0x08001521   Thumb Code     2  gd32f10x_it.o(i.NMI_Handler)
    PendSV_Handler                           0x0800154d   Thumb Code     2  gd32f10x_it.o(i.PendSV_Handler)
    SVC_Handler                              0x0800154f   Thumb Code     2  gd32f10x_it.o(i.SVC_Handler)
    SysTick_Handler                          0x08001551   Thumb Code     8  gd32f10x_it.o(i.SysTick_Handler)
    SystemInit                               0x08001559   Thumb Code   196  system_gd32f10x.o(i.SystemInit)
    UsageFault_Handler                       0x0800162d   Thumb Code     4  gd32f10x_it.o(i.UsageFault_Handler)
    __ARM_fpclassify                         0x08001631   Thumb Code    40  fpclassify.o(i.__ARM_fpclassify)
    _is_digit                                0x08001659   Thumb Code    14  __printf_wp.o(i._is_digit)
    ads124s08_init_all                       0x08001669   Thumb Code   264  ads124s08.o(i.ads124s08_init_all)
    ads124s08_read_data                      0x08001779   Thumb Code    86  ads124s08.o(i.ads124s08_read_data)
    ads_code_to_uv                           0x080017d1   Thumb Code    60  thermocouple.o(i.ads_code_to_uv)
    delay_1ms                                0x080018d5   Thumb Code    16  systick.o(i.delay_1ms)
    delay_decrement                          0x080018e9   Thumb Code    18  systick.o(i.delay_decrement)
    exti_init                                0x08001935   Thumb Code   184  gd32f10x_exti.o(i.exti_init)
    exti_interrupt_flag_clear                0x080019f1   Thumb Code     6  gd32f10x_exti.o(i.exti_interrupt_flag_clear)
    exti_interrupt_flag_get                  0x080019fd   Thumb Code    18  gd32f10x_exti.o(i.exti_interrupt_flag_get)
    gpio_bit_reset                           0x08001a15   Thumb Code     4  gd32f10x_gpio.o(i.gpio_bit_reset)
    gpio_bit_set                             0x08001a19   Thumb Code     4  gd32f10x_gpio.o(i.gpio_bit_set)
    gpio_exti_source_select                  0x08001a1d   Thumb Code   146  gd32f10x_gpio.o(i.gpio_exti_source_select)
    gpio_init                                0x08001ab5   Thumb Code   172  gd32f10x_gpio.o(i.gpio_init)
    gpio_input_bit_get                       0x08001b61   Thumb Code    16  gd32f10x_gpio.o(i.gpio_input_bit_get)
    gpio_pin_remap_config                    0x08001b71   Thumb Code   138  gd32f10x_gpio.o(i.gpio_pin_remap_config)
    k_cjc_temp_to_uv                         0x08001c01   Thumb Code    20  thermocouple.o(i.k_cjc_temp_to_uv)
    k_tc_compensated_temp_c                  0x08001c19   Thumb Code    74  thermocouple.o(i.k_tc_compensated_temp_c)
    k_uv_to_temp_c                           0x08001c65   Thumb Code    20  thermocouple.o(i.k_uv_to_temp_c)
    main                                     0x08001c7d   Thumb Code    68  main.o(i.main)
    nvic_irq_enable                          0x08001d0d   Thumb Code   162  gd32f10x_misc.o(i.nvic_irq_enable)
    nvic_priority_group_set                  0x08001db9   Thumb Code    10  gd32f10x_misc.o(i.nvic_priority_group_set)
    nvic_vector_table_set                    0x08001dcd   Thumb Code    16  gd32f10x_misc.o(i.nvic_vector_table_set)
    pcb_enter_event                          0x08001de5   Thumb Code    20  pcb_sensor.o(i.pcb_enter_event)
    pcb_sensor_init                          0x08001dfd   Thumb Code   100  pcb_sensor.o(i.pcb_sensor_init)
    rcu_clock_freq_get                       0x08001e71   Thumb Code   264  gd32f10x_rcu.o(i.rcu_clock_freq_get)
    rcu_periph_clock_enable                  0x08001f95   Thumb Code    28  gd32f10x_rcu.o(i.rcu_periph_clock_enable)
    rcu_periph_reset_disable                 0x08001fb5   Thumb Code    28  gd32f10x_rcu.o(i.rcu_periph_reset_disable)
    rcu_periph_reset_enable                  0x08001fd5   Thumb Code    28  gd32f10x_rcu.o(i.rcu_periph_reset_enable)
    speed_sensor_init                        0x08002185   Thumb Code   136  speed_sensor.o(i.speed_sensor_init)
    speed_set_mm_per_pulse                   0x08002225   Thumb Code     6  speed_sensor.o(i.speed_set_mm_per_pulse)
    systick_config                           0x08002369   Thumb Code    74  systick.o(i.systick_config)
    timer_autoreload_value_config            0x080023b9   Thumb Code     4  gd32f10x_timer.o(i.timer_autoreload_value_config)
    timer_counter_read                       0x080023bd   Thumb Code     8  gd32f10x_timer.o(i.timer_counter_read)
    timer_counter_value_config               0x080023c5   Thumb Code     4  gd32f10x_timer.o(i.timer_counter_value_config)
    timer_deinit                             0x080023c9   Thumb Code   210  gd32f10x_timer.o(i.timer_deinit)
    timer_enable                             0x080024a5   Thumb Code    10  gd32f10x_timer.o(i.timer_enable)
    timer_prescaler_config                   0x080024af   Thumb Code    16  gd32f10x_timer.o(i.timer_prescaler_config)
    usart0_init                              0x080025c9   Thumb Code   110  usart_comm.o(i.usart0_init)
    usart0_send_byte                         0x08002641   Thumb Code    28  usart_comm.o(i.usart0_send_byte)
    usart0_send_string                       0x08002661   Thumb Code    24  usart_comm.o(i.usart0_send_string)
    usart_baudrate_set                       0x08002679   Thumb Code   136  gd32f10x_usart.o(i.usart_baudrate_set)
    usart_data_transmit                      0x08002709   Thumb Code     8  gd32f10x_usart.o(i.usart_data_transmit)
    usart_deinit                             0x08002711   Thumb Code   136  gd32f10x_usart.o(i.usart_deinit)
    usart_enable                             0x080027a1   Thumb Code    10  gd32f10x_usart.o(i.usart_enable)
    usart_flag_get                           0x080027ab   Thumb Code    30  gd32f10x_usart.o(i.usart_flag_get)
    usart_parity_config                      0x080027c9   Thumb Code    16  gd32f10x_usart.o(i.usart_parity_config)
    usart_receive_config                     0x080027d9   Thumb Code    16  gd32f10x_usart.o(i.usart_receive_config)
    usart_stop_bit_set                       0x080027e9   Thumb Code    16  gd32f10x_usart.o(i.usart_stop_bit_set)
    usart_transmit_config                    0x080027f9   Thumb Code    16  gd32f10x_usart.o(i.usart_transmit_config)
    usart_word_length_set                    0x08002809   Thumb Code    16  gd32f10x_usart.o(i.usart_word_length_set)
    _get_lc_numeric                          0x08002845   Thumb Code    44  lc_numeric_c.o(locale$$code)
    __aeabi_d2f                              0x08002871   Thumb Code     0  d2f.o(x$fpl$d2f)
    _d2f                                     0x08002871   Thumb Code    98  d2f.o(x$fpl$d2f)
    __aeabi_dadd                             0x080028d5   Thumb Code     0  daddsub_clz.o(x$fpl$dadd)
    _dadd                                    0x080028d5   Thumb Code   332  daddsub_clz.o(x$fpl$dadd)
    __aeabi_ddiv                             0x08002a25   Thumb Code     0  ddiv.o(x$fpl$ddiv)
    _ddiv                                    0x08002a25   Thumb Code   552  ddiv.o(x$fpl$ddiv)
    __aeabi_i2d                              0x08002cd5   Thumb Code     0  dflt_clz.o(x$fpl$dflt)
    _dflt                                    0x08002cd5   Thumb Code    46  dflt_clz.o(x$fpl$dflt)
    __aeabi_ui2d                             0x08002d03   Thumb Code     0  dflt_clz.o(x$fpl$dfltu)
    _dfltu                                   0x08002d03   Thumb Code    38  dflt_clz.o(x$fpl$dfltu)
    __aeabi_dmul                             0x08002d29   Thumb Code     0  dmul.o(x$fpl$dmul)
    _dmul                                    0x08002d29   Thumb Code   332  dmul.o(x$fpl$dmul)
    __fpl_dnaninf                            0x08002e7d   Thumb Code   156  dnaninf.o(x$fpl$dnaninf)
    __fpl_dretinf                            0x08002f19   Thumb Code    12  dretinf.o(x$fpl$dretinf)
    __aeabi_dsub                             0x08002f25   Thumb Code     0  daddsub_clz.o(x$fpl$dsub)
    _dsub                                    0x08002f25   Thumb Code   464  daddsub_clz.o(x$fpl$dsub)
    __aeabi_f2d                              0x080030f9   Thumb Code     0  f2d.o(x$fpl$f2d)
    _f2d                                     0x080030f9   Thumb Code    86  f2d.o(x$fpl$f2d)
    __aeabi_fadd                             0x08003151   Thumb Code     0  faddsub_clz.o(x$fpl$fadd)
    _fadd                                    0x08003151   Thumb Code   196  faddsub_clz.o(x$fpl$fadd)
    __fpl_fcmp_Inf                           0x08003215   Thumb Code    24  fcmpi.o(x$fpl$fcmpinf)
    __aeabi_cfcmple                          0x0800322d   Thumb Code     0  fleqf.o(x$fpl$fleqf)
    _fcmple                                  0x0800322d   Thumb Code   104  fleqf.o(x$fpl$fleqf)
    __fpl_fcmple_InfNaN                      0x0800327f   Thumb Code     0  fleqf.o(x$fpl$fleqf)
    __aeabi_fmul                             0x08003295   Thumb Code     0  fmul.o(x$fpl$fmul)
    _fmul                                    0x08003295   Thumb Code   258  fmul.o(x$fpl$fmul)
    __fpl_fnaninf                            0x08003397   Thumb Code   140  fnaninf.o(x$fpl$fnaninf)
    __fpl_fretinf                            0x08003423   Thumb Code    10  fretinf.o(x$fpl$fretinf)
    __aeabi_fsub                             0x0800342d   Thumb Code     0  faddsub_clz.o(x$fpl$fsub)
    _fsub                                    0x0800342d   Thumb Code   234  faddsub_clz.o(x$fpl$fsub)
    _printf_fp_dec                           0x08003517   Thumb Code     4  printf1.o(x$fpl$printf1)
    __I$use$fp                               0x0800351a   Number         0  usenofp.o(x$fpl$usenofp)
    Region$$Table$$Base                      0x080035c0   Number         0  anon$$obj.o(Region$$Table)
    Region$$Table$$Limit                     0x080035e0   Number         0  anon$$obj.o(Region$$Table)
    systick_ms                               0x20000000   Data           4  main.o(.data)
    SystemCoreClock                          0x20000028   Data           4  system_gd32f10x.o(.data)
    __libspace_start                         0x200000d4   Data          96  libspace.o(.bss)
    __temporary_stack_top$libspace           0x20000134   Data           0  libspace.o(.bss)



==============================================================================

Memory Map of the image

  Image Entry point : 0x080001c5

  Load Region LR_1 (Base: 0x08000000, Size: 0x00003628, Max: 0xffffffff, ABSOLUTE)

    Execution Region ER_RO (Base: 0x08000000, Size: 0x000035fc, Max: 0xffffffff, ABSOLUTE)

    Base Addr    Size         Type   Attr      Idx    E Section Name        Object

    0x08000000   0x00000104   Data   RO          576    RESET               startup_gd32f10x_md.o
    0x08000104   0x00000008   Code   RO         1809  * !!!main             c_w.l(__main.o)
    0x0800010c   0x00000034   Code   RO         2076    !!!scatter          c_w.l(__scatter.o)
    0x08000140   0x0000001a   Code   RO         2078    !!handler_copy      c_w.l(__scatter_copy.o)
    0x0800015a   0x00000002   PAD
    0x0800015c   0x0000001c   Code   RO         2080    !!handler_zi        c_w.l(__scatter_zi.o)
    0x08000178   0x00000000   Code   RO         1806    .ARM.Collect$$_printf_percent$$00000000  c_w.l(_printf_percent.o)
    0x08000178   0x00000006   Code   RO         1805    .ARM.Collect$$_printf_percent$$00000003  c_w.l(_printf_f.o)
    0x0800017e   0x00000006   Code   RO         1804    .ARM.Collect$$_printf_percent$$0000000A  c_w.l(_printf_u.o)
    0x08000184   0x00000006   Code   RO         1803    .ARM.Collect$$_printf_percent$$00000014  c_w.l(_printf_s.o)
    0x0800018a   0x00000004   Code   RO         1866    .ARM.Collect$$_printf_percent$$00000017  c_w.l(_printf_percent_end.o)
    0x0800018e   0x00000002   Code   RO         1950    .ARM.Collect$$libinit$$00000000  c_w.l(libinit.o)
    0x08000190   0x00000000   Code   RO         1952    .ARM.Collect$$libinit$$00000002  c_w.l(libinit2.o)
    0x08000190   0x00000000   Code   RO         1954    .ARM.Collect$$libinit$$00000004  c_w.l(libinit2.o)
    0x08000190   0x00000000   Code   RO         1957    .ARM.Collect$$libinit$$0000000A  c_w.l(libinit2.o)
    0x08000190   0x00000000   Code   RO         1959    .ARM.Collect$$libinit$$0000000C  c_w.l(libinit2.o)
    0x08000190   0x00000000   Code   RO         1961    .ARM.Collect$$libinit$$0000000E  c_w.l(libinit2.o)
    0x08000190   0x00000006   Code   RO         1962    .ARM.Collect$$libinit$$0000000F  c_w.l(libinit2.o)
    0x08000196   0x00000000   Code   RO         1964    .ARM.Collect$$libinit$$00000011  c_w.l(libinit2.o)
    0x08000196   0x00000000   Code   RO         1966    .ARM.Collect$$libinit$$00000013  c_w.l(libinit2.o)
    0x08000196   0x00000000   Code   RO         1968    .ARM.Collect$$libinit$$00000015  c_w.l(libinit2.o)
    0x08000196   0x0000000a   Code   RO         1969    .ARM.Collect$$libinit$$00000016  c_w.l(libinit2.o)
    0x080001a0   0x00000000   Code   RO         1970    .ARM.Collect$$libinit$$00000017  c_w.l(libinit2.o)
    0x080001a0   0x00000000   Code   RO         1972    .ARM.Collect$$libinit$$00000019  c_w.l(libinit2.o)
    0x080001a0   0x00000000   Code   RO         1974    .ARM.Collect$$libinit$$0000001B  c_w.l(libinit2.o)
    0x080001a0   0x00000000   Code   RO         1976    .ARM.Collect$$libinit$$0000001D  c_w.l(libinit2.o)
    0x080001a0   0x00000000   Code   RO         1978    .ARM.Collect$$libinit$$0000001F  c_w.l(libinit2.o)
    0x080001a0   0x00000000   Code   RO         1980    .ARM.Collect$$libinit$$00000021  c_w.l(libinit2.o)
    0x080001a0   0x00000000   Code   RO         1982    .ARM.Collect$$libinit$$00000023  c_w.l(libinit2.o)
    0x080001a0   0x00000000   Code   RO         1984    .ARM.Collect$$libinit$$00000025  c_w.l(libinit2.o)
    0x080001a0   0x00000000   Code   RO         1988    .ARM.Collect$$libinit$$0000002C  c_w.l(libinit2.o)
    0x080001a0   0x00000000   Code   RO         1990    .ARM.Collect$$libinit$$0000002E  c_w.l(libinit2.o)
    0x080001a0   0x00000000   Code   RO         1992    .ARM.Collect$$libinit$$00000030  c_w.l(libinit2.o)
    0x080001a0   0x00000000   Code   RO         1994    .ARM.Collect$$libinit$$00000032  c_w.l(libinit2.o)
    0x080001a0   0x00000002   Code   RO         1995    .ARM.Collect$$libinit$$00000033  c_w.l(libinit2.o)
    0x080001a2   0x00000002   Code   RO         2025    .ARM.Collect$$libshutdown$$00000000  c_w.l(libshutdown.o)
    0x080001a4   0x00000000   Code   RO         2037    .ARM.Collect$$libshutdown$$00000003  c_w.l(libshutdown2.o)
    0x080001a4   0x00000000   Code   RO         2040    .ARM.Collect$$libshutdown$$00000006  c_w.l(libshutdown2.o)
    0x080001a4   0x00000000   Code   RO         2043    .ARM.Collect$$libshutdown$$00000009  c_w.l(libshutdown2.o)
    0x080001a4   0x00000000   Code   RO         2045    .ARM.Collect$$libshutdown$$0000000B  c_w.l(libshutdown2.o)
    0x080001a4   0x00000000   Code   RO         2048    .ARM.Collect$$libshutdown$$0000000E  c_w.l(libshutdown2.o)
    0x080001a4   0x00000002   Code   RO         2049    .ARM.Collect$$libshutdown$$0000000F  c_w.l(libshutdown2.o)
    0x080001a6   0x00000000   Code   RO         1855    .ARM.Collect$$rtentry$$00000000  c_w.l(__rtentry.o)
    0x080001a6   0x00000000   Code   RO         1879    .ARM.Collect$$rtentry$$00000002  c_w.l(__rtentry2.o)
    0x080001a6   0x00000006   Code   RO         1891    .ARM.Collect$$rtentry$$00000004  c_w.l(__rtentry4.o)
    0x080001ac   0x00000000   Code   RO         1881    .ARM.Collect$$rtentry$$00000009  c_w.l(__rtentry2.o)
    0x080001ac   0x00000004   Code   RO         1882    .ARM.Collect$$rtentry$$0000000A  c_w.l(__rtentry2.o)
    0x080001b0   0x00000000   Code   RO         1884    .ARM.Collect$$rtentry$$0000000C  c_w.l(__rtentry2.o)
    0x080001b0   0x00000008   Code   RO         1885    .ARM.Collect$$rtentry$$0000000D  c_w.l(__rtentry2.o)
    0x080001b8   0x00000002   Code   RO         1996    .ARM.Collect$$rtexit$$00000000  c_w.l(rtexit.o)
    0x080001ba   0x00000000   Code   RO         2003    .ARM.Collect$$rtexit$$00000002  c_w.l(rtexit2.o)
    0x080001ba   0x00000004   Code   RO         2004    .ARM.Collect$$rtexit$$00000003  c_w.l(rtexit2.o)
    0x080001be   0x00000006   Code   RO         2005    .ARM.Collect$$rtexit$$00000004  c_w.l(rtexit2.o)
    0x080001c4   0x00000040   Code   RO          577  * .text               startup_gd32f10x_md.o
    0x08000204   0x0000002c   Code   RO         1771    .text               c_w.l(__2sprintf.o)
    0x08000230   0x0000004e   Code   RO         1777    .text               c_w.l(_printf_pad.o)
    0x0800027e   0x00000052   Code   RO         1779    .text               c_w.l(_printf_str.o)
    0x080002d0   0x00000078   Code   RO         1781    .text               c_w.l(_printf_dec.o)
    0x08000348   0x00000188   Code   RO         1800    .text               c_w.l(__printf_flags_ss_wp.o)
    0x080004d0   0x00000006   Code   RO         1807    .text               c_w.l(heapauxi.o)
    0x080004d6   0x000000b2   Code   RO         1856    .text               c_w.l(_printf_intcommon.o)
    0x08000588   0x0000041a   Code   RO         1858    .text               c_w.l(_printf_fp_dec.o)
    0x080009a2   0x00000002   PAD
    0x080009a4   0x00000030   Code   RO         1860    .text               c_w.l(_printf_char_common.o)
    0x080009d4   0x0000000a   Code   RO         1862    .text               c_w.l(_sputc.o)
    0x080009de   0x0000002c   Code   RO         1864    .text               c_w.l(_printf_char.o)
    0x08000a0a   0x00000002   PAD
    0x08000a0c   0x00000008   Code   RO         1896    .text               c_w.l(rt_locale_intlibspace.o)
    0x08000a14   0x0000008a   Code   RO         1898    .text               c_w.l(lludiv10.o)
    0x08000a9e   0x00000002   PAD
    0x08000aa0   0x00000080   Code   RO         1900    .text               c_w.l(_printf_fp_infnan.o)
    0x08000b20   0x000000dc   Code   RO         1904    .text               c_w.l(bigflt0.o)
    0x08000bfc   0x00000008   Code   RO         1936    .text               c_w.l(libspace.o)
    0x08000c04   0x0000004a   Code   RO         1939    .text               c_w.l(sys_stackheap_outer.o)
    0x08000c4e   0x0000000c   Code   RO         1941    .text               c_w.l(exit.o)
    0x08000c5a   0x00000002   PAD
    0x08000c5c   0x00000080   Code   RO         1943    .text               c_w.l(strcmpv7m.o)
    0x08000cdc   0x0000000c   Code   RO         2015    .text               c_w.l(sys_exit.o)
    0x08000ce8   0x00000002   Code   RO         2026    .text               c_w.l(use_no_semi.o)
    0x08000cea   0x00000000   Code   RO         2028    .text               c_w.l(indicate_semi.o)
    0x08000cea   0x0000003e   Code   RO         1907    CL$$btod_d2e        c_w.l(btod.o)
    0x08000d28   0x00000046   Code   RO         1909    CL$$btod_d2e_denorm_low  c_w.l(btod.o)
    0x08000d6e   0x00000060   Code   RO         1908    CL$$btod_d2e_norm_op1  c_w.l(btod.o)
    0x08000dce   0x00000338   Code   RO         1917    CL$$btod_div_common  c_w.l(btod.o)
    0x08001106   0x000000c6   Code   RO         1914    CL$$btod_e2e        c_w.l(btod.o)
    0x080011cc   0x00000028   Code   RO         1911    CL$$btod_ediv       c_w.l(btod.o)
    0x080011f4   0x00000028   Code   RO         1910    CL$$btod_emul       c_w.l(btod.o)
    0x0800121c   0x00000244   Code   RO         1916    CL$$btod_mult_common  c_w.l(btod.o)
    0x08001460   0x00000004   Code   RO          420    i.BusFault_Handler  gd32f10x_it.o
    0x08001464   0x00000002   Code   RO          421    i.DebugMon_Handler  gd32f10x_it.o
    0x08001466   0x00000002   PAD
    0x08001468   0x0000006c   Code   RO          362    i.EXTI4_IRQHandler  speed_sensor.o
    0x080014d4   0x00000044   Code   RO          310    i.EXTI5_9_IRQHandler  pcb_sensor.o
    0x08001518   0x00000004   Code   RO          422    i.HardFault_Handler  gd32f10x_it.o
    0x0800151c   0x00000004   Code   RO          423    i.MemManage_Handler  gd32f10x_it.o
    0x08001520   0x00000002   Code   RO          424    i.NMI_Handler       gd32f10x_it.o
    0x08001522   0x00000002   PAD
    0x08001524   0x00000028   Code   RO          497    i.NVIC_SetPriority  systick.o
    0x0800154c   0x00000002   Code   RO          425    i.PendSV_Handler    gd32f10x_it.o
    0x0800154e   0x00000002   Code   RO          426    i.SVC_Handler       gd32f10x_it.o
    0x08001550   0x00000008   Code   RO          427    i.SysTick_Handler   gd32f10x_it.o
    0x08001558   0x000000d4   Code   RO          540    i.SystemInit        system_gd32f10x.o
    0x0800162c   0x00000004   Code   RO          428    i.UsageFault_Handler  gd32f10x_it.o
    0x08001630   0x00000028   Code   RO         1934    i.__ARM_fpclassify  m_ws.l(fpclassify.o)
    0x08001658   0x0000000e   Code   RO         1793    i._is_digit         c_w.l(__printf_wp.o)
    0x08001666   0x00000002   PAD
    0x08001668   0x00000110   Code   RO          207    i.ads124s08_init_all  ads124s08.o
    0x08001778   0x00000056   Code   RO          208    i.ads124s08_read_data  ads124s08.o
    0x080017ce   0x00000002   PAD
    0x080017d0   0x00000040   Code   RO          278    i.ads_code_to_uv    thermocouple.o
    0x08001810   0x0000007c   Code   RO            3    i.collect_12ch_temperature  main.o
    0x0800188c   0x00000024   Code   RO          211    i.cs_high           ads124s08.o
    0x080018b0   0x00000024   Code   RO          212    i.cs_low            ads124s08.o
    0x080018d4   0x00000014   Code   RO          498    i.delay_1ms         systick.o
    0x080018e8   0x00000018   Code   RO          499    i.delay_decrement   systick.o
    0x08001900   0x00000034   Code   RO          213    i.drdy_ready        ads124s08.o
    0x08001934   0x000000bc   Code   RO         1262    i.exti_init         gd32f10x_exti.o
    0x080019f0   0x0000000c   Code   RO         1265    i.exti_interrupt_flag_clear  gd32f10x_exti.o
    0x080019fc   0x00000018   Code   RO         1266    i.exti_interrupt_flag_get  gd32f10x_exti.o
    0x08001a14   0x00000004   Code   RO          584    i.gpio_bit_reset    gd32f10x_gpio.o
    0x08001a18   0x00000004   Code   RO          585    i.gpio_bit_set      gd32f10x_gpio.o
    0x08001a1c   0x00000098   Code   RO          591    i.gpio_exti_source_select  gd32f10x_gpio.o
    0x08001ab4   0x000000ac   Code   RO          592    i.gpio_init         gd32f10x_gpio.o
    0x08001b60   0x00000010   Code   RO          593    i.gpio_input_bit_get  gd32f10x_gpio.o
    0x08001b70   0x00000090   Code   RO          598    i.gpio_pin_remap_config  gd32f10x_gpio.o
    0x08001c00   0x00000018   Code   RO          279    i.k_cjc_temp_to_uv  thermocouple.o
    0x08001c18   0x0000004a   Code   RO          280    i.k_tc_compensated_temp_c  thermocouple.o
    0x08001c62   0x00000002   PAD
    0x08001c64   0x00000018   Code   RO          281    i.k_uv_to_temp_c    thermocouple.o
    0x08001c7c   0x00000074   Code   RO            4    i.main              main.o
    0x08001cf0   0x0000001c   Code   RO            5    i.make_barcode      main.o
    0x08001d0c   0x000000ac   Code   RO          930    i.nvic_irq_enable   gd32f10x_misc.o
    0x08001db8   0x00000014   Code   RO          931    i.nvic_priority_group_set  gd32f10x_misc.o
    0x08001dcc   0x00000018   Code   RO          932    i.nvic_vector_table_set  gd32f10x_misc.o
    0x08001de4   0x00000018   Code   RO          311    i.pcb_enter_event   pcb_sensor.o
    0x08001dfc   0x00000074   Code   RO          315    i.pcb_sensor_init   pcb_sensor.o
    0x08001e70   0x00000124   Code   RO          707    i.rcu_clock_freq_get  gd32f10x_rcu.o
    0x08001f94   0x00000020   Code   RO          724    i.rcu_periph_clock_enable  gd32f10x_rcu.o
    0x08001fb4   0x00000020   Code   RO          727    i.rcu_periph_reset_disable  gd32f10x_rcu.o
    0x08001fd4   0x00000020   Code   RO          728    i.rcu_periph_reset_enable  gd32f10x_rcu.o
    0x08001ff4   0x00000048   Code   RO          214    i.reset_hw          ads124s08.o
    0x0800203c   0x00000020   Code   RO          215    i.send_cmd          ads124s08.o
    0x0800205c   0x0000011c   Code   RO            6    i.send_protocol_packet  main.o
    0x08002178   0x0000000c   Code   RO            7    i.send_string       main.o
    0x08002184   0x000000a0   Code   RO          367    i.speed_sensor_init  speed_sensor.o
    0x08002224   0x0000000c   Code   RO          368    i.speed_set_mm_per_pulse  speed_sensor.o
    0x08002230   0x0000006c   Code   RO          216    i.spi_rw            ads124s08.o
    0x0800229c   0x000000c4   Code   RO          541    i.system_clock_108m_hxtal  system_gd32f10x.o
    0x08002360   0x00000008   Code   RO          542    i.system_clock_config  system_gd32f10x.o
    0x08002368   0x00000050   Code   RO          500    i.systick_config    systick.o
    0x080023b8   0x00000004   Code   RO         1347    i.timer_autoreload_value_config  gd32f10x_timer.o
    0x080023bc   0x00000008   Code   RO         1371    i.timer_counter_read  gd32f10x_timer.o
    0x080023c4   0x00000004   Code   RO         1373    i.timer_counter_value_config  gd32f10x_timer.o
    0x080023c8   0x000000dc   Code   RO         1374    i.timer_deinit      gd32f10x_timer.o
    0x080024a4   0x0000000a   Code   RO         1379    i.timer_enable      gd32f10x_timer.o
    0x080024ae   0x00000010   Code   RO         1401    i.timer_prescaler_config  gd32f10x_timer.o
    0x080024be   0x00000002   PAD
    0x080024c0   0x00000108   Code   RO            8    i.update_pcb_position  main.o
    0x080025c8   0x00000078   Code   RO          175    i.usart0_init       usart_comm.o
    0x08002640   0x00000020   Code   RO          176    i.usart0_send_byte  usart_comm.o
    0x08002660   0x00000018   Code   RO          177    i.usart0_send_string  usart_comm.o
    0x08002678   0x00000090   Code   RO          986    i.usart_baudrate_set  gd32f10x_usart.o
    0x08002708   0x00000008   Code   RO          988    i.usart_data_transmit  gd32f10x_usart.o
    0x08002710   0x00000090   Code   RO          989    i.usart_deinit      gd32f10x_usart.o
    0x080027a0   0x0000000a   Code   RO          993    i.usart_enable      gd32f10x_usart.o
    0x080027aa   0x0000001e   Code   RO          995    i.usart_flag_get    gd32f10x_usart.o
    0x080027c8   0x00000010   Code   RO         1014    i.usart_parity_config  gd32f10x_usart.o
    0x080027d8   0x00000010   Code   RO         1016    i.usart_receive_config  gd32f10x_usart.o
    0x080027e8   0x00000010   Code   RO         1022    i.usart_stop_bit_set  gd32f10x_usart.o
    0x080027f8   0x00000010   Code   RO         1026    i.usart_transmit_config  gd32f10x_usart.o
    0x08002808   0x00000010   Code   RO         1027    i.usart_word_length_set  gd32f10x_usart.o
    0x08002818   0x0000002a   Code   RO          217    i.write_reg         ads124s08.o
    0x08002842   0x00000002   PAD
    0x08002844   0x0000002c   Code   RO         1930    locale$$code        c_w.l(lc_numeric_c.o)
    0x08002870   0x00000062   Code   RO         1811    x$fpl$d2f           fz_ws.l(d2f.o)
    0x080028d2   0x00000002   PAD
    0x080028d4   0x00000150   Code   RO         1813    x$fpl$dadd          fz_ws.l(daddsub_clz.o)
    0x08002a24   0x000002b0   Code   RO         1820    x$fpl$ddiv          fz_ws.l(ddiv.o)
    0x08002cd4   0x0000002e   Code   RO         1824    x$fpl$dflt          fz_ws.l(dflt_clz.o)
    0x08002d02   0x00000026   Code   RO         1823    x$fpl$dfltu         fz_ws.l(dflt_clz.o)
    0x08002d28   0x00000154   Code   RO         1829    x$fpl$dmul          fz_ws.l(dmul.o)
    0x08002e7c   0x0000009c   Code   RO         1867    x$fpl$dnaninf       fz_ws.l(dnaninf.o)
    0x08002f18   0x0000000c   Code   RO         1869    x$fpl$dretinf       fz_ws.l(dretinf.o)
    0x08002f24   0x000001d4   Code   RO         1815    x$fpl$dsub          fz_ws.l(daddsub_clz.o)
    0x080030f8   0x00000056   Code   RO         1831    x$fpl$f2d           fz_ws.l(f2d.o)
    0x0800314e   0x00000002   PAD
    0x08003150   0x000000c4   Code   RO         1833    x$fpl$fadd          fz_ws.l(faddsub_clz.o)
    0x08003214   0x00000018   Code   RO         1871    x$fpl$fcmpinf       fz_ws.l(fcmpi.o)
    0x0800322c   0x00000068   Code   RO         1849    x$fpl$fleqf         fz_ws.l(fleqf.o)
    0x08003294   0x00000102   Code   RO         1851    x$fpl$fmul          fz_ws.l(fmul.o)
    0x08003396   0x0000008c   Code   RO         1873    x$fpl$fnaninf       fz_ws.l(fnaninf.o)
    0x08003422   0x0000000a   Code   RO         1875    x$fpl$fretinf       fz_ws.l(fretinf.o)
    0x0800342c   0x000000ea   Code   RO         1835    x$fpl$fsub          fz_ws.l(faddsub_clz.o)
    0x08003516   0x00000004   Code   RO         1853    x$fpl$printf1       fz_ws.l(printf1.o)
    0x0800351a   0x00000000   Code   RO         1877    x$fpl$usenofp       fz_ws.l(usenofp.o)
    0x0800351a   0x00000011   Data   RO         1801    .constdata          c_w.l(__printf_flags_ss_wp.o)
    0x0800352b   0x00000001   PAD
    0x0800352c   0x00000094   Data   RO         1905    .constdata          c_w.l(bigflt0.o)
    0x080035c0   0x00000020   Data   RO         2074    Region$$Table       anon$$obj.o
    0x080035e0   0x0000001c   Data   RO         1929    locale$$data        c_w.l(lc_numeric_c.o)


    Execution Region ER_RW (Base: 0x20000000, Size: 0x0000002c, Max: 0xffffffff, ABSOLUTE)

    Base Addr    Size         Type   Attr      Idx    E Section Name        Object

    0x20000000   0x0000000e   Data   RW           10    .data               main.o
    0x2000000e   0x00000003   Data   RW          316    .data               pcb_sensor.o
    0x20000011   0x00000003   PAD
    0x20000014   0x00000010   Data   RW          369    .data               speed_sensor.o
    0x20000024   0x00000004   Data   RW          501    .data               systick.o
    0x20000028   0x00000004   Data   RW          543    .data               system_gd32f10x.o


    Execution Region ER_ZI (Base: 0x2000002c, Size: 0x0000070c, Max: 0xffffffff, ABSOLUTE)

    Base Addr    Size         Type   Attr      Idx    E Section Name        Object

    0x2000002c   0x000000a8   Zero   RW            9    .bss                main.o
    0x200000d4   0x00000060   Zero   RW         1937    .bss                c_w.l(libspace.o)
    0x20000134   0x00000004   PAD
    0x20000138   0x00000200   Zero   RW          575    HEAP                startup_gd32f10x_md.o
    0x20000338   0x00000400   Zero   RW          574    STACK               startup_gd32f10x_md.o


==============================================================================

Image component sizes


      Code (inc. data)   RO Data    RW Data    ZI Data      Debug   Object Name

       736         50          0          0          0       4443   ads124s08.o
       224         16          0          0          0       1866   gd32f10x_exti.o
       492         12          0          0          0       4199   gd32f10x_gpio.o
        32          0          0          0          0       3654   gd32f10x_it.o
       216         28          0          0          0       1952   gd32f10x_misc.o
       388         40          0          0          0       2820   gd32f10x_rcu.o
       262         10          0          0          0       3641   gd32f10x_timer.o
       416         16          0          0          0       6164   gd32f10x_usart.o
       828        166          0         14        168      36216   main.o
       208         36          0          3          0       1889   pcb_sensor.o
       280         52          0         16          0       2092   speed_sensor.o
        64         26        260          0       1536        904   startup_gd32f10x_md.o
       416         30          0          4          0       2687   system_gd32f10x.o
       164         24          0          4          0      24274   systick.o
       186         12          0          0          0       2343   thermocouple.o
       176         14          0          0          0       1726   usart_comm.o

    ----------------------------------------------------------------------
      5100        532        292         44       1704     100870   Object Totals
         0          0         32          0          0          0   (incl. Generated)
        12          0          0          3          0          0   (incl. Padding)

    ----------------------------------------------------------------------

      Code (inc. data)   RO Data    RW Data    ZI Data      Debug   Library Member Name

        44          6          0          0          0         84   __2sprintf.o
         8          0          0          0          0         68   __main.o
       392          4         17          0          0         92   __printf_flags_ss_wp.o
        14          0          0          0          0         68   __printf_wp.o
         0          0          0          0          0          0   __rtentry.o
        12          0          0          0          0          0   __rtentry2.o
         6          0          0          0          0          0   __rtentry4.o
        52          8          0          0          0          0   __scatter.o
        26          0          0          0          0          0   __scatter_copy.o
        28          0          0          0          0          0   __scatter_zi.o
        44          0          0          0          0        108   _printf_char.o
        48          6          0          0          0         96   _printf_char_common.o
       120         16          0          0          0         92   _printf_dec.o
         6          0          0          0          0          0   _printf_f.o
      1050          0          0          0          0        216   _printf_fp_dec.o
       128         16          0          0          0         84   _printf_fp_infnan.o
       178          0          0          0          0         88   _printf_intcommon.o
        78          0          0          0          0        108   _printf_pad.o
         0          0          0          0          0          0   _printf_percent.o
         4          0          0          0          0          0   _printf_percent_end.o
         6          0          0          0          0          0   _printf_s.o
        82          0          0          0          0         80   _printf_str.o
         6          0          0          0          0          0   _printf_u.o
        10          0          0          0          0         68   _sputc.o
       220          4        148          0          0         96   bigflt0.o
      1910        128          0          0          0        672   btod.o
        12          0          0          0          0         72   exit.o
         6          0          0          0          0        152   heapauxi.o
         0          0          0          0          0          0   indicate_semi.o
        44         10         28          0          0         76   lc_numeric_c.o
         2          0          0          0          0          0   libinit.o
        18          0          0          0          0          0   libinit2.o
         2          0          0          0          0          0   libshutdown.o
         2          0          0          0          0          0   libshutdown2.o
         8          4          0          0         96         68   libspace.o
       138          0          0          0          0         80   lludiv10.o
         8          4          0          0          0         68   rt_locale_intlibspace.o
         2          0          0          0          0          0   rtexit.o
        10          0          0          0          0          0   rtexit2.o
       128          0          0          0          0         68   strcmpv7m.o
        12          4          0          0          0         68   sys_exit.o
        74          0          0          0          0         80   sys_stackheap_outer.o
         2          0          0          0          0         68   use_no_semi.o
        98          4          0          0          0         92   d2f.o
       804         16          0          0          0        272   daddsub_clz.o
       688        140          0          0          0        208   ddiv.o
        84          0          0          0          0        136   dflt_clz.o
       340         12          0          0          0        104   dmul.o
       156          4          0          0          0         92   dnaninf.o
        12          0          0          0          0         68   dretinf.o
        86          4          0          0          0         84   f2d.o
       430          8          0          0          0        168   faddsub_clz.o
        24          0          0          0          0         68   fcmpi.o
       104          4          0          0          0         84   fleqf.o
       258          4          0          0          0         84   fmul.o
       140          4          0          0          0         84   fnaninf.o
        10          0          0          0          0         68   fretinf.o
         4          0          0          0          0         68   printf1.o
         0          0          0          0          0          0   usenofp.o
        40          0          0          0          0         68   fpclassify.o

    ----------------------------------------------------------------------
      8234        410        194          0        100       4568   Library Totals
        16          0          1          0          4          0   (incl. Padding)

    ----------------------------------------------------------------------

      Code (inc. data)   RO Data    RW Data    ZI Data      Debug   Library Name

      4940        210        193          0         96       2820   c_w.l
      3238        200          0          0          0       1680   fz_ws.l
        40          0          0          0          0         68   m_ws.l

    ----------------------------------------------------------------------
      8234        410        194          0        100       4568   Library Totals

    ----------------------------------------------------------------------

==============================================================================


      Code (inc. data)   RO Data    RW Data    ZI Data      Debug   

     13334        942        486         44       1804      99194   Grand Totals
     13334        942        486         44       1804      99194   ELF Image Totals
     13334        942        486         44          0          0   ROM Totals

==============================================================================

    Total RO  Size (Code + RO Data)                13820 (  13.50kB)
    Total RW  Size (RW Data + ZI Data)              1848 (   1.80kB)
    Total ROM Size (Code + RO Data + RW Data)      13864 (  13.54kB)

==============================================================================

