<html>
<body>
<pre>
<h1>礦ision Build Log</h1>
<h2>Tool Versions:</h2>
IDE-Version: μVision V5.14.0.0
Copyright (C) 2015 ARM Ltd and ARM Germany GmbH. All rights reserved.
License Information: zX 张玄的lenovo, ZX, LIC=TIVNB-2PIZR-CXBU6-DQNSB-YSS43-JKYMG
 
Tool Versions:
Toolchain:       MDK-ARM Standard  Version: 5.14.0.0
Toolchain Path:  D:\MDK5\ARM\ARMCC\Bin
C Compiler:      Armcc.exe V5.05 update 1 (build 106)
Assembler:       Armasm.exe V5.05 update 1 (build 106)
Linker/Locator:  ArmLink.exe V5.05 update 1 (build 106)
Library Manager: ArmAr.exe V5.05 update 1 (build 106)
Hex Converter:   FromElf.exe V5.05 update 1 (build 106)
CPU DLL:         SARMCM3.DLL V5.14.0.0
Dialog DLL:      DCM.DLL V1.13.1.0
Target DLL:      STLink\ST-LINKIII-KEIL_SWO.dll V2.0.14.0_KEIL
Dialog DLL:      TCM.DLL V1.14.4.0
 
<h2>Project:</h2>
D:\1zx\学习资料\正点原子\STM32\407\GDTEST\test\test.uvprojx
Project File Date:  04/15/2026

<h2>Output:</h2>
Build target 'test'
compiling ads124s08.c...
APP\ads124s08.h(35): warning:  #1-D: last line of file ends without a newline
  #endif
APP\ads124s08.c(218): warning:  #1-D: last line of file ends without a newline
  }
APP\ads124s08.c: 2 warnings, 0 errors
linking...
Program Size: Code=3772 RO-data=292 RW-data=8 ZI-data=1632  
FromELF: creating hex file...
".\Objects\test.axf" - 0 Error(s), 2 Warning(s).

<h2>Collection of Component include folders:</h2>
  D:\1zx\学习资料\正点原子\STM32\407\GDTEST\test\RTE
  D:\MDK5\ARM\PACK\GigaDevice\GD32F10x_DFP\2.0.3\Device\Include

<h2>Collection of Component Files used:</h2>
</pre>
</body>
</html>
